Component: ARM Compiler 5.06 update 6 (build 750) Tool: armlink [4d35ed]

==============================================================================

Section Cross References

    main.o(i.BSP_Init) refers to sysctl.o(i.SysCtlClockFreqSet) for SysCtlClockFreqSet
    main.o(i.main) refers to main.o(i.BSP_Init) for BSP_Init
    main.o(i.main) refers to freertos.o(i.RTOS_Init) for RTOS_Init
    main.o(i.main) refers to interrupt.o(i.IntMasterEnable) for IntMasterEnable
    main.o(i.main) refers to tasks.o(i.vTaskStartScheduler) for vTaskStartScheduler
    freertos.o(i.AppTaskCreate) refers to port.o(i.vPortEnterCritical) for vPortEnterCritical
    freertos.o(i.AppTaskCreate) refers to tasks.o(i.vTaskDelete) for vTaskDelete
    freertos.o(i.AppTaskCreate) refers to port.o(i.vPortExitCritical) for vPortExitCritical
    freertos.o(i.AppTaskCreate) refers to freertos.o(.data) for AppTaskCreate_Handle
    freertos.o(i.RTOS_Init) refers to tasks.o(i.xTaskCreate) for xTaskCreate
    freertos.o(i.RTOS_Init) refers to freertos.o(.data) for AppTaskCreate_Handle
    freertos.o(i.RTOS_Init) refers to freertos.o(i.AppTaskCreate) for AppTaskCreate
    tm4c_it.o(i.UART0_IRQHandler) refers to bsp_uart.o(i.UartRxIntHandler) for UartRxIntHandler
    tm4c_it.o(i.UART1_IRQHandler) refers to bsp_uart.o(i.UartRxIntHandler) for UartRxIntHandler
    tm4c_it.o(i.UART2_IRQHandler) refers to bsp_uart.o(i.UartRxIntHandler) for UartRxIntHandler
    tm4c_it.o(i.UART3_IRQHandler) refers to bsp_uart.o(i.UartRxIntHandler) for UartRxIntHandler
    tm4c_it.o(i.UART4_IRQHandler) refers to bsp_uart.o(i.UartRxIntHandler) for UartRxIntHandler
    startup_rvmdk.o(RESET) refers to startup_rvmdk.o(STACK) for StackMem
    startup_rvmdk.o(RESET) refers to port.o(.emb_text) for SVC_Handler
    startup_rvmdk.o(RESET) refers to port.o(i.SysTick_Handler) for SysTick_Handler
    startup_rvmdk.o(RESET) refers to entry.o(.ARM.Collect$$$$00000000) for __main
    adc.o(i.ADCIntRegister) refers to adc.o(i._ADCIntNumberGet) for _ADCIntNumberGet
    adc.o(i.ADCIntRegister) refers to interrupt.o(i.IntRegister) for IntRegister
    adc.o(i.ADCIntRegister) refers to interrupt.o(i.IntEnable) for IntEnable
    adc.o(i.ADCIntUnregister) refers to adc.o(i._ADCIntNumberGet) for _ADCIntNumberGet
    adc.o(i.ADCIntUnregister) refers to interrupt.o(i.IntDisable) for IntDisable
    adc.o(i.ADCIntUnregister) refers to interrupt.o(i.IntUnregister) for IntUnregister
    adc.o(i.ADCSoftwareOversampleConfigure) refers to adc.o(.data) for g_pui8OversampleFactor
    adc.o(i.ADCSoftwareOversampleDataGet) refers to adc.o(.data) for g_pui8OversampleFactor
    adc.o(i.ADCSoftwareOversampleStepConfigure) refers to adc.o(.data) for g_pui8OversampleFactor
    aes.o(i.AESDataAuth) refers to aes.o(i.AESLengthSet) for AESLengthSet
    aes.o(i.AESDataAuth) refers to aes.o(i.AESDataWrite) for AESDataWrite
    aes.o(i.AESDataAuth) refers to aes.o(i.AESTagRead) for AESTagRead
    aes.o(i.AESDataProcess) refers to aes.o(i.AESLengthSet) for AESLengthSet
    aes.o(i.AESDataProcess) refers to aes.o(i.AESDataWrite) for AESDataWrite
    aes.o(i.AESDataProcess) refers to aes.o(i.AESDataRead) for AESDataRead
    aes.o(i.AESDataProcessAuth) refers to aes.o(i.AESLengthSet) for AESLengthSet
    aes.o(i.AESDataProcessAuth) refers to aes.o(i.AESAuthLengthSet) for AESAuthLengthSet
    aes.o(i.AESDataProcessAuth) refers to aes.o(i.AESDataWrite) for AESDataWrite
    aes.o(i.AESDataProcessAuth) refers to aes.o(i.AESDataRead) for AESDataRead
    aes.o(i.AESDataProcessAuth) refers to aes.o(i.AESTagRead) for AESTagRead
    aes.o(i.AESIntRegister) refers to interrupt.o(i.IntRegister) for IntRegister
    aes.o(i.AESIntRegister) refers to interrupt.o(i.IntEnable) for IntEnable
    aes.o(i.AESIntUnregister) refers to interrupt.o(i.IntDisable) for IntDisable
    aes.o(i.AESIntUnregister) refers to interrupt.o(i.IntUnregister) for IntUnregister
    can.o(i.CANBitRateSet) refers to can.o(.constdata) for g_ui16CANBitValues
    can.o(i.CANIntRegister) refers to can.o(i._CANIntNumberGet) for _CANIntNumberGet
    can.o(i.CANIntRegister) refers to interrupt.o(i.IntRegister) for IntRegister
    can.o(i.CANIntRegister) refers to interrupt.o(i.IntEnable) for IntEnable
    can.o(i.CANIntUnregister) refers to can.o(i._CANIntNumberGet) for _CANIntNumberGet
    can.o(i.CANIntUnregister) refers to interrupt.o(i.IntDisable) for IntDisable
    can.o(i.CANIntUnregister) refers to interrupt.o(i.IntUnregister) for IntUnregister
    can.o(i.CANMessageGet) refers to can.o(i._CANDataRegRead) for _CANDataRegRead
    can.o(i.CANMessageSet) refers to can.o(i._CANDataRegWrite) for _CANDataRegWrite
    comp.o(i.ComparatorIntRegister) refers to interrupt.o(i.IntRegister) for IntRegister
    comp.o(i.ComparatorIntRegister) refers to interrupt.o(i.IntEnable) for IntEnable
    comp.o(i.ComparatorIntUnregister) refers to interrupt.o(i.IntDisable) for IntDisable
[...]
    Removing fpu.o(i.FPURoundingModeSet), (20 bytes).
    Removing fpu.o(i.FPUStackingDisable), (20 bytes).
    Removing fpu.o(i.FPUStackingEnable), (24 bytes).
    Removing gpio.o(i.GPIOADCTriggerDisable), (12 bytes).
    Removing gpio.o(i.GPIOADCTriggerEnable), (12 bytes).
    Removing gpio.o(i.GPIODMATriggerDisable), (12 bytes).
    Removing gpio.o(i.GPIODMATriggerEnable), (12 bytes).
    Removing gpio.o(i.GPIODirModeGet), (46 bytes).
    Removing gpio.o(i.GPIODirModeSet), (50 bytes).
    Removing gpio.o(i.GPIOIntClear), (6 bytes).
    Removing gpio.o(i.GPIOIntDisable), (12 bytes).
    Removing gpio.o(i.GPIOIntEnable), (12 bytes).
    Removing gpio.o(i.GPIOIntRegister), (30 bytes).
    Removing gpio.o(i.GPIOIntRegisterPin), (36 bytes).
    Removing gpio.o(i.GPIOIntStatus), (16 bytes).
    Removing gpio.o(i.GPIOIntTypeGet), (84 bytes).
    Removing gpio.o(i.GPIOIntTypeSet), (102 bytes).
    Removing gpio.o(i.GPIOIntUnregister), (26 bytes).
    Removing gpio.o(i.GPIOIntUnregisterPin), (28 bytes).
    Removing gpio.o(i.GPIOPadConfigGet), (244 bytes).
    Removing gpio.o(i.GPIOPadConfigSet), (396 bytes).
    Removing gpio.o(i.GPIOPinConfigure), (80 bytes).
    Removing gpio.o(i.GPIOPinRead), (12 bytes).
    Removing gpio.o(i.GPIOPinTypeADC), (30 bytes).
    Removing gpio.o(i.GPIOPinTypeCAN), (30 bytes).
    Removing gpio.o(i.GPIOPinTypeComparator), (30 bytes).
    Removing gpio.o(i.GPIOPinTypeComparatorOutput), (30 bytes).
    Removing gpio.o(i.GPIOPinTypeDIVSCLK), (30 bytes).
    Removing gpio.o(i.GPIOPinTypeEPI), (30 bytes).
    Removing gpio.o(i.GPIOPinTypeEthernetLED), (30 bytes).
    Removing gpio.o(i.GPIOPinTypeEthernetMII), (30 bytes).
    Removing gpio.o(i.GPIOPinTypeGPIOInput), (30 bytes).
    Removing gpio.o(i.GPIOPinTypeGPIOOutput), (30 bytes).
    Removing gpio.o(i.GPIOPinTypeGPIOOutputOD), (30 bytes).
    Removing gpio.o(i.GPIOPinTypeHibernateRTCCLK), (30 bytes).
    Removing gpio.o(i.GPIOPinTypeI2C), (30 bytes).
    Removing gpio.o(i.GPIOPinTypeI2CSCL), (30 bytes).
    Removing gpio.o(i.GPIOPinTypeLCD), (30 bytes).
    Removing gpio.o(i.GPIOPinTypeOneWire), (30 bytes).
    Removing gpio.o(i.GPIOPinTypePWM), (30 bytes).
    Removing gpio.o(i.GPIOPinTypeQEI), (30 bytes).
    Removing gpio.o(i.GPIOPinTypeSSI), (30 bytes).
    Removing gpio.o(i.GPIOPinTypeTimer), (30 bytes).
    Removing gpio.o(i.GPIOPinTypeTrace), (30 bytes).
    Removing gpio.o(i.GPIOPinTypeUART), (30 bytes).
    Removing gpio.o(i.GPIOPinTypeUSBAnalog), (30 bytes).
    Removing gpio.o(i.GPIOPinTypeUSBDigital), (30 bytes).
    Removing gpio.o(i.GPIOPinTypeWakeHigh), (32 bytes).
    Removing gpio.o(i.GPIOPinTypeWakeLow), (32 bytes).
    Removing gpio.o(i.GPIOPinWakeStatus), (8 bytes).
    Removing gpio.o(i.GPIOPinWrite), (10 bytes).
    Removing gpio.o(i.GPIOUnlockPin), (24 bytes).
    Removing gpio.o(i._GPIOIntNumberGet), (76 bytes).
    Removing gpio.o(.constdata), (552 bytes).
    Removing hibernate.o(i.HibernateBatCheckDone), (16 bytes).
    Removing hibernate.o(i.HibernateBatCheckStart), (24 bytes).
    Removing hibernate.o(i.HibernateCalendarGet), (124 bytes).
    Removing hibernate.o(i.HibernateCalendarMatchGet), (132 bytes).
    Removing hibernate.o(i.HibernateCalendarMatchSet), (20 bytes).
    Removing hibernate.o(i.HibernateCalendarSet), (20 bytes).
    Removing hibernate.o(i.HibernateClockConfig), (80 bytes).
    Removing hibernate.o(i.HibernateCounterMode), (20 bytes).
    Removing hibernate.o(i.HibernateDataGet), (32 bytes).
    Removing hibernate.o(i.HibernateDataSet), (40 bytes).
    Removing hibernate.o(i.HibernateDisable), (24 bytes).
    Removing hibernate.o(i.HibernateEnableExpClk), (28 bytes).
    Removing hibernate.o(i.HibernateGPIORetentionDisable), (28 bytes).
    Removing hibernate.o(i.HibernateGPIORetentionEnable), (28 bytes).
    Removing hibernate.o(i.HibernateGPIORetentionGet), (28 bytes).
    Removing hibernate.o(i.HibernateIntClear), (24 bytes).
    Removing hibernate.o(i.HibernateIntDisable), (24 bytes).
    Removing hibernate.o(i.HibernateIntEnable), (24 bytes).
    Removing hibernate.o(i.HibernateIntRegister), (26 bytes).
    Removing hibernate.o(i.HibernateIntStatus), (24 bytes).
    Removing hibernate.o(i.HibernateIntUnregister), (22 bytes).
    Removing hibernate.o(i.HibernateIsActive), (16 bytes).
    Removing hibernate.o(i.HibernateLowBatGet), (16 bytes).
    Removing hibernate.o(i.HibernateLowBatSet), (32 bytes).
    Removing hibernate.o(i.HibernateRTCDisable), (24 bytes).
    Removing hibernate.o(i.HibernateRTCEnable), (24 bytes).
    Removing hibernate.o(i.HibernateRTCGet), (12 bytes).
    Removing hibernate.o(i.HibernateRTCMatchGet), (12 bytes).
    Removing hibernate.o(i.HibernateRTCMatchSet), (20 bytes).
    Removing hibernate.o(i.HibernateRTCSSGet), (16 bytes).
    Removing hibernate.o(i.HibernateRTCSSMatchGet), (16 bytes).
    Removing hibernate.o(i.HibernateRTCSSMatchSet), (24 bytes).
    Removing hibernate.o(i.HibernateRTCSet), (48 bytes).
    Removing hibernate.o(i.HibernateRTCTrimGet), (12 bytes).
    Removing hibernate.o(i.HibernateRTCTrimSet), (20 bytes).
    Removing hibernate.o(i.HibernateRequest), (24 bytes).
    Removing hibernate.o(i.HibernateTamperDisable), (60 bytes).
    Removing hibernate.o(i.HibernateTamperEnable), (60 bytes).
    Removing hibernate.o(i.HibernateTamperEventsClear), (60 bytes).
    Removing hibernate.o(i.HibernateTamperEventsClearNoLock), (24 bytes).
    Removing hibernate.o(i.HibernateTamperEventsConfig), (64 bytes).
    Removing hibernate.o(i.HibernateTamperEventsGet), (104 bytes).
    Removing hibernate.o(i.HibernateTamperExtOscRecover), (60 bytes).
    Removing hibernate.o(i.HibernateTamperExtOscValid), (20 bytes).
    Removing hibernate.o(i.HibernateTamperIODisable), (68 bytes).
    Removing hibernate.o(i.HibernateTamperIOEnable), (84 bytes).
    Removing hibernate.o(i.HibernateTamperLock), (24 bytes).
    Removing hibernate.o(i.HibernateTamperStatusGet), (60 bytes).
    Removing hibernate.o(i.HibernateTamperUnLock), (24 bytes).
    Removing hibernate.o(i.HibernateWakeGet), (64 bytes).
    Removing hibernate.o(i.HibernateWakeSet), (124 bytes).
    Removing hibernate.o(i._HibernateCalendarSet), (256 bytes).
    Removing hibernate.o(i._HibernateIntNumberGet), (36 bytes).
    Removing hibernate.o(i._HibernateWriteComplete), (20 bytes).
    Removing i2c.o(i.I2CFIFODataGet), (22 bytes).
    Removing i2c.o(i.I2CFIFODataGetNonBlocking), (26 bytes).
    Removing i2c.o(i.I2CFIFODataPut), (20 bytes).
    Removing i2c.o(i.I2CFIFODataPutNonBlocking), (24 bytes).
    Removing i2c.o(i.I2CFIFOStatus), (8 bytes).
    Removing i2c.o(i.I2CIntRegister), (30 bytes).
    Removing i2c.o(i.I2CIntUnregister), (26 bytes).
    Removing i2c.o(i.I2CLoopbackEnable), (10 bytes).
    Removing i2c.o(i.I2CMasterBurstCountGet), (6 bytes).
    Removing i2c.o(i.I2CMasterBurstLengthSet), (4 bytes).
    Removing i2c.o(i.I2CMasterBusBusy), (18 bytes).
    Removing i2c.o(i.I2CMasterBusy), (18 bytes).
    Removing i2c.o(i.I2CMasterControl), (4 bytes).
    Removing i2c.o(i.I2CMasterDataGet), (6 bytes).
    Removing i2c.o(i.I2CMasterDataPut), (4 bytes).
    Removing i2c.o(i.I2CMasterDisable), (10 bytes).
    Removing i2c.o(i.I2CMasterEnable), (10 bytes).
    Removing i2c.o(i.I2CMasterErr), (30 bytes).
    Removing i2c.o(i.I2CMasterGlitchFilterConfigSet), (68 bytes).
    Removing i2c.o(i.I2CMasterInitExpClk), (92 bytes).
    Removing i2c.o(i.I2CMasterIntClear), (8 bytes).
    Removing i2c.o(i.I2CMasterIntClearEx), (4 bytes).
    Removing i2c.o(i.I2CMasterIntDisable), (6 bytes).
    Removing i2c.o(i.I2CMasterIntDisableEx), (8 bytes).
    Removing i2c.o(i.I2CMasterIntEnable), (6 bytes).
    Removing i2c.o(i.I2CMasterIntEnableEx), (8 bytes).
    Removing i2c.o(i.I2CMasterIntStatus), (28 bytes).
    Removing i2c.o(i.I2CMasterIntStatusEx), (12 bytes).
    Removing i2c.o(i.I2CMasterLineStateGet), (6 bytes).
    Removing i2c.o(i.I2CMasterSlaveAddrSet), (8 bytes).
    Removing i2c.o(i.I2CMasterTimeoutSet), (4 bytes).
    Removing i2c.o(i.I2CRxFIFOConfigSet), (22 bytes).
    Removing i2c.o(i.I2CRxFIFOFlush), (14 bytes).
    Removing i2c.o(i.I2CSlaveACKOverride), (30 bytes).
    Removing i2c.o(i.I2CSlaveACKValueSet), (30 bytes).
    Removing i2c.o(i.I2CSlaveAddressSet), (28 bytes).
    Removing i2c.o(i.I2CSlaveDataGet), (8 bytes).
    Removing i2c.o(i.I2CSlaveDataPut), (6 bytes).
    Removing i2c.o(i.I2CSlaveDisable), (16 bytes).
    Removing i2c.o(i.I2CSlaveEnable), (16 bytes).
    Removing i2c.o(i.I2CSlaveFIFODisable), (8 bytes).
    Removing i2c.o(i.I2CSlaveFIFOEnable), (10 bytes).
    Removing i2c.o(i.I2CSlaveInit), (18 bytes).
    Removing i2c.o(i.I2CSlaveIntClear), (8 bytes).
    Removing i2c.o(i.I2CSlaveIntClearEx), (6 bytes).
    Removing i2c.o(i.I2CSlaveIntDisable), (14 bytes).
    Removing i2c.o(i.I2CSlaveIntDisableEx), (12 bytes).
    Removing i2c.o(i.I2CSlaveIntEnable), (14 bytes).
    Removing i2c.o(i.I2CSlaveIntEnableEx), (12 bytes).
    Removing i2c.o(i.I2CSlaveIntStatus), (32 bytes).
    Removing i2c.o(i.I2CSlaveIntStatusEx), (16 bytes).
    Removing i2c.o(i.I2CSlaveStatus), (8 bytes).
    Removing i2c.o(i.I2CTxFIFOConfigSet), (24 bytes).
    Removing i2c.o(i.I2CTxFIFOFlush), (14 bytes).
    Removing i2c.o(i._I2CIntNumberGet), (76 bytes).
    Removing i2c.o(.constdata), (128 bytes).
    Removing interrupt.o(i.IntDisable), (116 bytes).
    Removing interrupt.o(i.IntEnable), (116 bytes).
    Removing interrupt.o(i.IntIsEnabled), (108 bytes).
    Removing interrupt.o(i.IntMasterDisable), (16 bytes).
    Removing interrupt.o(i.IntPendClear), (76 bytes).
    Removing interrupt.o(i.IntPendSet), (96 bytes).
    Removing interrupt.o(i.IntPriorityGet), (28 bytes).
    Removing interrupt.o(i.IntPriorityGroupingGet), (44 bytes).
    Removing interrupt.o(i.IntPriorityGroupingSet), (28 bytes).
    Removing interrupt.o(i.IntPriorityMaskGet), (8 bytes).
    Removing interrupt.o(i.IntPriorityMaskSet), (12 bytes).
    Removing interrupt.o(i.IntPrioritySet), (52 bytes).
    Removing interrupt.o(i.IntRegister), (60 bytes).
    Removing interrupt.o(i.IntTrigger), (16 bytes).
    Removing interrupt.o(i.IntUnregister), (20 bytes).
    Removing interrupt.o(i._IntDefaultHandler), (4 bytes).
    Removing interrupt.o(.constdata), (268 bytes).
    Removing interrupt.o(vtable), (620 bytes).
    Removing lcd.o(i.LCDClockReset), (36 bytes).
    Removing lcd.o(i.LCDDMAConfigSet), (4 bytes).
    Removing lcd.o(i.LCDIDDCommandWrite), (16 bytes).
    Removing lcd.o(i.LCDIDDConfigSet), (4 bytes).
    Removing lcd.o(i.LCDIDDDMADisable), (10 bytes).
    Removing lcd.o(i.LCDIDDDMAWrite), (50 bytes).
    Removing lcd.o(i.LCDIDDDataRead), (18 bytes).
    Removing lcd.o(i.LCDIDDDataWrite), (16 bytes).
    Removing lcd.o(i.LCDIDDIndexedRead), (32 bytes).
    Removing lcd.o(i.LCDIDDIndexedWrite), (28 bytes).
    Removing lcd.o(i.LCDIDDStatusRead), (18 bytes).
    Removing lcd.o(i.LCDIDDTimingSet), (54 bytes).
    Removing lcd.o(i.LCDIntClear), (4 bytes).
    Removing lcd.o(i.LCDIntDisable), (4 bytes).
    Removing lcd.o(i.LCDIntEnable), (4 bytes).
    Removing lcd.o(i.LCDIntRegister), (22 bytes).
    Removing lcd.o(i.LCDIntStatus), (12 bytes).
    Removing lcd.o(i.LCDIntUnregister), (18 bytes).
    Removing lcd.o(i.LCDModeSet), (36 bytes).
    Removing lcd.o(i.LCDRasterACBiasIntCountSet), (22 bytes).
    Removing lcd.o(i.LCDRasterConfigSet), (8 bytes).
    Removing lcd.o(i.LCDRasterDisable), (10 bytes).
    Removing lcd.o(i.LCDRasterEnable), (22 bytes).
    Removing lcd.o(i.LCDRasterEnabled), (10 bytes).
    Removing lcd.o(i.LCDRasterFrameBufferSet), (24 bytes).
    Removing lcd.o(i.LCDRasterPaletteSet), (126 bytes).
    Removing lcd.o(i.LCDRasterSubPanelConfigSet), (48 bytes).
    Removing lcd.o(i.LCDRasterSubPanelDisable), (10 bytes).
    Removing lcd.o(i.LCDRasterSubPanelEnable), (10 bytes).
    Removing lcd.o(i.LCDRasterTimingSet), (158 bytes).
    Removing mpu.o(i.MPUDisable), (20 bytes).
    Removing mpu.o(i.MPUEnable), (16 bytes).
    Removing mpu.o(i.MPUIntRegister), (20 bytes).
    Removing mpu.o(i.MPUIntUnregister), (16 bytes).
    Removing mpu.o(i.MPURegionCountGet), (16 bytes).
    Removing mpu.o(i.MPURegionDisable), (28 bytes).
    Removing mpu.o(i.MPURegionEnable), (28 bytes).
    Removing mpu.o(i.MPURegionGet), (28 bytes).
    Removing mpu.o(i.MPURegionSet), (32 bytes).
    Removing onewire.o(i.OneWireBusReset), (10 bytes).
    Removing onewire.o(i.OneWireBusStatus), (10 bytes).
    Removing onewire.o(i.OneWireDMADisable), (28 bytes).
    Removing onewire.o(i.OneWireDMAEnable), (84 bytes).
    Removing onewire.o(i.OneWireDataGet), (18 bytes).
    Removing onewire.o(i.OneWireDataGetNonBlocking), (22 bytes).
    Removing onewire.o(i.OneWireInit), (4 bytes).
    Removing onewire.o(i.OneWireIntClear), (6 bytes).
    Removing onewire.o(i.OneWireIntDisable), (12 bytes).
    Removing onewire.o(i.OneWireIntEnable), (12 bytes).
    Removing onewire.o(i.OneWireIntRegister), (30 bytes).
    Removing onewire.o(i.OneWireIntStatus), (16 bytes).
    Removing onewire.o(i.OneWireIntUnregister), (26 bytes).
    Removing onewire.o(i.OneWireTransaction), (68 bytes).
    Removing onewire.o(i._OneWireIntNumberGet), (36 bytes).
    Removing pwm.o(i.PWMClockGet), (28 bytes).
    Removing pwm.o(i.PWMClockSet), (18 bytes).
    Removing pwm.o(i.PWMDeadBandDisable), (14 bytes).
    Removing pwm.o(i.PWMDeadBandEnable), (18 bytes).
    Removing pwm.o(i.PWMFaultIntClear), (8 bytes).
    Removing pwm.o(i.PWMFaultIntClearExt), (4 bytes).
    Removing pwm.o(i.PWMFaultIntRegister), (30 bytes).
    Removing pwm.o(i.PWMFaultIntUnregister), (26 bytes).
    Removing pwm.o(i.PWMGenConfigure), (48 bytes).
    Removing pwm.o(i.PWMGenDisable), (10 bytes).
    Removing pwm.o(i.PWMGenEnable), (10 bytes).
    Removing pwm.o(i.PWMGenFaultClear), (36 bytes).
    Removing pwm.o(i.PWMGenFaultConfigure), (20 bytes).
    Removing pwm.o(i.PWMGenFaultStatus), (38 bytes).
    Removing pwm.o(i.PWMGenFaultTriggerGet), (16 bytes).
    Removing pwm.o(i.PWMGenFaultTriggerSet), (16 bytes).
    Removing pwm.o(i.PWMGenIntClear), (6 bytes).
    Removing pwm.o(i.PWMGenIntRegister), (38 bytes).
    Removing pwm.o(i.PWMGenIntStatus), (16 bytes).
    Removing pwm.o(i.PWMGenIntTrigDisable), (14 bytes).
    Removing pwm.o(i.PWMGenIntTrigEnable), (14 bytes).
    Removing pwm.o(i.PWMGenIntUnregister), (30 bytes).
    Removing pwm.o(i.PWMGenPeriodGet), (24 bytes).
    Removing pwm.o(i.PWMGenPeriodSet), (22 bytes).
    Removing pwm.o(i.PWMIntDisable), (8 bytes).
    Removing pwm.o(i.PWMIntEnable), (8 bytes).
    Removing pwm.o(i.PWMIntStatus), (14 bytes).
    Removing pwm.o(i.PWMOutputFault), (20 bytes).
    Removing pwm.o(i.PWMOutputFaultLevel), (20 bytes).
    Removing pwm.o(i.PWMOutputInvert), (20 bytes).
    Removing pwm.o(i.PWMOutputState), (20 bytes).
    Removing pwm.o(i.PWMOutputUpdateMode), (82 bytes).
    Removing pwm.o(i.PWMPulseWidthGet), (40 bytes).
    Removing pwm.o(i.PWMPulseWidthSet), (38 bytes).
    Removing pwm.o(i.PWMSyncTimeBase), (4 bytes).
    Removing pwm.o(i.PWMSyncUpdate), (4 bytes).
    Removing pwm.o(i._PWMFaultIntNumberGet), (84 bytes).
    Removing pwm.o(i._PWMGenIntNumberGet), (272 bytes).
    Removing qei.o(i.QEIConfigure), (14 bytes).
    Removing qei.o(i.QEIDirectionGet), (20 bytes).
    Removing qei.o(i.QEIDisable), (10 bytes).
    Removing qei.o(i.QEIEnable), (10 bytes).
    Removing qei.o(i.QEIErrorGet), (10 bytes).
    Removing qei.o(i.QEIFilterConfigure), (12 bytes).
    Removing qei.o(i.QEIFilterDisable), (10 bytes).
    Removing qei.o(i.QEIFilterEnable), (10 bytes).
    Removing qei.o(i.QEIIntClear), (4 bytes).
    Removing qei.o(i.QEIIntDisable), (8 bytes).
    Removing qei.o(i.QEIIntEnable), (8 bytes).
    Removing qei.o(i.QEIIntRegister), (30 bytes).
    Removing qei.o(i.QEIIntStatus), (12 bytes).
    Removing qei.o(i.QEIIntUnregister), (26 bytes).
    Removing qei.o(i.QEIPositionGet), (6 bytes).
    Removing qei.o(i.QEIPositionSet), (4 bytes).
    Removing qei.o(i.QEIVelocityConfigure), (16 bytes).
    Removing qei.o(i.QEIVelocityDisable), (10 bytes).
    Removing qei.o(i.QEIVelocityEnable), (10 bytes).
    Removing qei.o(i.QEIVelocityGet), (6 bytes).
    Removing qei.o(i._QEIIntNumberGet), (84 bytes).
    Removing shamd5.o(i.SHAMD5ConfigSet), (4 bytes).
    Removing shamd5.o(i.SHAMD5DMADisable), (14 bytes).
    Removing shamd5.o(i.SHAMD5DMAEnable), (14 bytes).
    Removing shamd5.o(i.SHAMD5DataProcess), (70 bytes).
    Removing shamd5.o(i.SHAMD5DataWrite), (38 bytes).
    Removing shamd5.o(i.SHAMD5DataWriteNonBlocking), (42 bytes).
    Removing shamd5.o(i.SHAMD5HMACKeySet), (24 bytes).
    Removing shamd5.o(i.SHAMD5HMACPPKeyGenerate), (74 bytes).
    Removing shamd5.o(i.SHAMD5HMACPPKeySet), (28 bytes).
    Removing shamd5.o(i.SHAMD5HMACProcess), (70 bytes).
    Removing shamd5.o(i.SHAMD5HashLengthSet), (4 bytes).
    Removing shamd5.o(i.SHAMD5IntClear), (22 bytes).
    Removing shamd5.o(i.SHAMD5IntDisable), (60 bytes).
    Removing shamd5.o(i.SHAMD5IntEnable), (54 bytes).
    Removing shamd5.o(i.SHAMD5IntRegister), (22 bytes).
    Removing shamd5.o(i.SHAMD5IntStatus), (84 bytes).
    Removing shamd5.o(i.SHAMD5IntUnregister), (18 bytes).
    Removing shamd5.o(i.SHAMD5Reset), (40 bytes).
    Removing shamd5.o(i.SHAMD5ResultRead), (70 bytes).
    Removing shamd5.o(i._SHAMD5DataWriteMultiple), (80 bytes).
    Removing ssi.o(i.SSIAdvDataPutFrameEnd), (24 bytes).
    Removing ssi.o(i.SSIAdvDataPutFrameEndNonBlocking), (28 bytes).
    Removing ssi.o(i.SSIAdvFrameHoldDisable), (10 bytes).
    Removing ssi.o(i.SSIAdvFrameHoldEnable), (10 bytes).
    Removing ssi.o(i.SSIAdvModeSet), (12 bytes).
    Removing ssi.o(i.SSIBusy), (10 bytes).
    Removing ssi.o(i.SSIClockSourceGet), (8 bytes).
    Removing ssi.o(i.SSIClockSourceSet), (6 bytes).
    Removing ssi.o(i.SSIConfigSetExpClk), (86 bytes).
    Removing ssi.o(i.SSIDMADisable), (8 bytes).
    Removing ssi.o(i.SSIDMAEnable), (8 bytes).
    Removing ssi.o(i.SSIDataGet), (18 bytes).
    Removing ssi.o(i.SSIDataGetNonBlocking), (22 bytes).
    Removing ssi.o(i.SSIDataPut), (16 bytes).
    Removing ssi.o(i.SSIDataPutNonBlocking), (20 bytes).
    Removing ssi.o(i.SSIDisable), (10 bytes).
    Removing ssi.o(i.SSIEnable), (10 bytes).
    Removing ssi.o(i.SSIIntClear), (4 bytes).
    Removing ssi.o(i.SSIIntDisable), (8 bytes).
    Removing ssi.o(i.SSIIntEnable), (8 bytes).
    Removing ssi.o(i.SSIIntRegister), (30 bytes).
    Removing ssi.o(i.SSIIntStatus), (12 bytes).
    Removing ssi.o(i.SSIIntUnregister), (26 bytes).
    Removing ssi.o(i.SSILoopbackDisable), (10 bytes).
    Removing ssi.o(i.SSILoopbackEnable), (10 bytes).
    Removing ssi.o(i._SSIIntNumberGet), (76 bytes).
    Removing ssi.o(.constdata), (64 bytes).
    Removing sw_crc.o(i.Crc16), (208 bytes).
    Removing sw_crc.o(i.Crc16Array), (18 bytes).
    Removing sw_crc.o(i.Crc16Array3), (156 bytes).
    Removing sw_crc.o(i.Crc32), (208 bytes).
    Removing sw_crc.o(i.Crc8CCITT), (140 bytes).
    Removing sw_crc.o(.constdata), (1792 bytes).
    Removing sysctl.o(.emb_text), (6 bytes).
    Removing sysctl.o(i.SysCtlAltClkConfig), (12 bytes).
    Removing sysctl.o(i.SysCtlClockGet), (364 bytes).
    Removing sysctl.o(i.SysCtlClockOutConfig), (16 bytes).
    Removing sysctl.o(i.SysCtlClockSet), (300 bytes).
    Removing sysctl.o(i.SysCtlDeepSleep), (36 bytes).
    Removing sysctl.o(i.SysCtlDeepSleepClockConfigSet), (124 bytes).
    Removing sysctl.o(i.SysCtlDeepSleepClockSet), (12 bytes).
    Removing sysctl.o(i.SysCtlDeepSleepPowerSet), (12 bytes).
    Removing sysctl.o(i.SysCtlFlashSectorSizeGet), (52 bytes).
    Removing sysctl.o(i.SysCtlFlashSizeGet), (56 bytes).
    Removing sysctl.o(i.SysCtlGPIOAHBDisable), (24 bytes).
    Removing sysctl.o(i.SysCtlGPIOAHBEnable), (24 bytes).
    Removing sysctl.o(i.SysCtlIntClear), (12 bytes).
    Removing sysctl.o(i.SysCtlIntDisable), (16 bytes).
    Removing sysctl.o(i.SysCtlIntEnable), (16 bytes).
    Removing sysctl.o(i.SysCtlIntRegister), (20 bytes).
    Removing sysctl.o(i.SysCtlIntStatus), (20 bytes).
    Removing sysctl.o(i.SysCtlIntUnregister), (16 bytes).
    Removing sysctl.o(i.SysCtlLDODeepSleepGet), (12 bytes).
    Removing sysctl.o(i.SysCtlLDODeepSleepSet), (12 bytes).
    Removing sysctl.o(i.SysCtlLDOSleepGet), (12 bytes).
    Removing sysctl.o(i.SysCtlLDOSleepSet), (12 bytes).
    Removing sysctl.o(i.SysCtlMOSCConfigSet), (12 bytes).
    Removing sysctl.o(i.SysCtlNMIClear), (16 bytes).
    Removing sysctl.o(i.SysCtlNMIStatus), (12 bytes).
    Removing sysctl.o(i.SysCtlPIOSCCalibrate), (92 bytes).
    Removing sysctl.o(i.SysCtlPWMClockGet), (28 bytes).
    Removing sysctl.o(i.SysCtlPWMClockSet), (20 bytes).
    Removing sysctl.o(i.SysCtlPeripheralClockGating), (96 bytes).
    Removing sysctl.o(i.SysCtlPeripheralDeepSleepDisable), (52 bytes).
    Removing sysctl.o(i.SysCtlPeripheralDeepSleepEnable), (52 bytes).
    Removing sysctl.o(i.SysCtlPeripheralDisable), (52 bytes).
    Removing sysctl.o(i.SysCtlPeripheralEnable), (52 bytes).
    Removing sysctl.o(i.SysCtlPeripheralPowerOff), (52 bytes).
    Removing sysctl.o(i.SysCtlPeripheralPowerOn), (52 bytes).
    Removing sysctl.o(i.SysCtlPeripheralPresent), (56 bytes).
    Removing sysctl.o(i.SysCtlPeripheralReady), (56 bytes).
    Removing sysctl.o(i.SysCtlPeripheralReset), (112 bytes).
    Removing sysctl.o(i.SysCtlPeripheralSleepDisable), (52 bytes).
    Removing sysctl.o(i.SysCtlPeripheralSleepEnable), (52 bytes).
    Removing sysctl.o(i.SysCtlReset), (20 bytes).
    Removing sysctl.o(i.SysCtlResetBehaviorGet), (12 bytes).
    Removing sysctl.o(i.SysCtlResetBehaviorSet), (12 bytes).
    Removing sysctl.o(i.SysCtlResetCauseClear), (16 bytes).
    Removing sysctl.o(i.SysCtlResetCauseGet), (12 bytes).
    Removing sysctl.o(i.SysCtlSRAMSizeGet), (16 bytes).
    Removing sysctl.o(i.SysCtlSleep), (8 bytes).
    Removing sysctl.o(i.SysCtlSleepPowerSet), (12 bytes).
    Removing sysctl.o(i.SysCtlUSBPLLDisable), (20 bytes).
    Removing sysctl.o(i.SysCtlUSBPLLEnable), (20 bytes).
    Removing sysctl.o(i.SysCtlVCOGet), (148 bytes).
    Removing sysctl.o(i.SysCtlVoltageEventClear), (16 bytes).
    Removing sysctl.o(i.SysCtlVoltageEventConfig), (12 bytes).
    Removing sysctl.o(i.SysCtlVoltageEventStatus), (12 bytes).
    Removing sysexc.o(i.SysExcIntClear), (12 bytes).
    Removing sysexc.o(i.SysExcIntDisable), (16 bytes).
    Removing sysexc.o(i.SysExcIntEnable), (16 bytes).
    Removing sysexc.o(i.SysExcIntRegister), (26 bytes).
    Removing sysexc.o(i.SysExcIntStatus), (20 bytes).
    Removing sysexc.o(i.SysExcIntUnregister), (22 bytes).
    Removing sysexc.o(i._SysExcIntNumberGet), (56 bytes).
    Removing systick.o(i.SysTickDisable), (18 bytes).
    Removing systick.o(i.SysTickEnable), (18 bytes).
    Removing systick.o(i.SysTickIntDisable), (18 bytes).
    Removing systick.o(i.SysTickIntEnable), (18 bytes).
    Removing systick.o(i.SysTickIntRegister), (30 bytes).
    Removing systick.o(i.SysTickIntUnregister), (26 bytes).
    Removing systick.o(i.SysTickPeriodGet), (10 bytes).
    Removing systick.o(i.SysTickPeriodSet), (10 bytes).
    Removing systick.o(i.SysTickValueGet), (8 bytes).
    Removing timer.o(i.TimerADCEventGet), (6 bytes).
    Removing timer.o(i.TimerADCEventSet), (4 bytes).
    Removing timer.o(i.TimerClockSourceGet), (8 bytes).
    Removing timer.o(i.TimerClockSourceSet), (6 bytes).
    Removing timer.o(i.TimerConfigure), (96 bytes).
    Removing timer.o(i.TimerControlEvent), (22 bytes).
    Removing timer.o(i.TimerControlLevel), (22 bytes).
    Removing timer.o(i.TimerControlStall), (22 bytes).
    Removing timer.o(i.TimerControlTrigger), (72 bytes).
    Removing timer.o(i.TimerControlWaitOnTrigger), (52 bytes).
    Removing timer.o(i.TimerDMAEventGet), (6 bytes).
    Removing timer.o(i.TimerDMAEventSet), (4 bytes).
    Removing timer.o(i.TimerDisable), (14 bytes).
    Removing timer.o(i.TimerEnable), (14 bytes).
    Removing timer.o(i.TimerIntClear), (4 bytes).
    Removing timer.o(i.TimerIntDisable), (8 bytes).
    Removing timer.o(i.TimerIntEnable), (8 bytes).
    Removing timer.o(i.TimerIntRegister), (38 bytes).
    Removing timer.o(i.TimerIntStatus), (12 bytes).
    Removing timer.o(i.TimerIntUnregister), (30 bytes).
    Removing timer.o(i.TimerLoadGet), (14 bytes).
    Removing timer.o(i.TimerLoadGet64), (26 bytes).
    Removing timer.o(i.TimerLoadSet), (16 bytes).
    Removing timer.o(i.TimerLoadSet64), (6 bytes).
    Removing timer.o(i.TimerMatchGet), (14 bytes).
    Removing timer.o(i.TimerMatchGet64), (26 bytes).
    Removing timer.o(i.TimerMatchSet), (16 bytes).
    Removing timer.o(i.TimerMatchSet64), (6 bytes).
    Removing timer.o(i.TimerPrescaleGet), (14 bytes).
    Removing timer.o(i.TimerPrescaleMatchGet), (14 bytes).
    Removing timer.o(i.TimerPrescaleMatchSet), (16 bytes).
    Removing timer.o(i.TimerPrescaleSet), (16 bytes).
    Removing timer.o(i.TimerRTCDisable), (10 bytes).
    Removing timer.o(i.TimerRTCEnable), (10 bytes).
    Removing timer.o(i.TimerSynchronize), (4 bytes).
    Removing timer.o(i.TimerUpdateMode), (42 bytes).
    Removing timer.o(i.TimerValueGet), (14 bytes).
    Removing timer.o(i.TimerValueGet64), (26 bytes).
    Removing timer.o(i._TimerIntNumberGet), (88 bytes).
    Removing timer.o(.constdata), (160 bytes).
    Removing uart.o(i.UART9BitAddrSend), (44 bytes).
    Removing uart.o(i.UART9BitAddrSet), (10 bytes).
    Removing uart.o(i.UART9BitDisable), (14 bytes).
    Removing uart.o(i.UART9BitEnable), (14 bytes).
    Removing uart.o(i.UARTBreakCtl), (20 bytes).
    Removing uart.o(i.UARTBusy), (10 bytes).
    Removing uart.o(i.UARTCharGet), (18 bytes).
    Removing uart.o(i.UARTCharGetNonBlocking), (20 bytes).
    Removing uart.o(i.UARTCharPut), (16 bytes).
    Removing uart.o(i.UARTCharPutNonBlocking), (20 bytes).
    Removing uart.o(i.UARTCharsAvail), (12 bytes).
    Removing uart.o(i.UARTClockSourceGet), (8 bytes).
    Removing uart.o(i.UARTClockSourceSet), (6 bytes).
    Removing uart.o(i.UARTConfigGetExpClk), (44 bytes).
    Removing uart.o(i.UARTConfigSetExpClk), (76 bytes).
    Removing uart.o(i.UARTDMADisable), (8 bytes).
    Removing uart.o(i.UARTDMAEnable), (8 bytes).
    Removing uart.o(i.UARTDisable), (32 bytes).
    Removing uart.o(i.UARTDisableSIR), (10 bytes).
    Removing uart.o(i.UARTEnable), (20 bytes).
    Removing uart.o(i.UARTEnableSIR), (22 bytes).
    Removing uart.o(i.UARTFIFODisable), (10 bytes).
    Removing uart.o(i.UARTFIFOEnable), (10 bytes).
    Removing uart.o(i.UARTFIFOLevelGet), (18 bytes).
    Removing uart.o(i.UARTFIFOLevelSet), (8 bytes).
    Removing uart.o(i.UARTFlowControlGet), (10 bytes).
    Removing uart.o(i.UARTFlowControlSet), (12 bytes).
    Removing uart.o(i.UARTIntClear), (4 bytes).
    Removing uart.o(i.UARTIntDisable), (8 bytes).
    Removing uart.o(i.UARTIntEnable), (8 bytes).
    Removing uart.o(i.UARTIntRegister), (30 bytes).
    Removing uart.o(i.UARTIntStatus), (12 bytes).
    Removing uart.o(i.UARTIntUnregister), (26 bytes).
    Removing uart.o(i.UARTLoopbackEnable), (10 bytes).
    Removing uart.o(i.UARTModemControlClear), (12 bytes).
    Removing uart.o(i.UARTModemControlGet), (10 bytes).
    Removing uart.o(i.UARTModemControlSet), (12 bytes).
    Removing uart.o(i.UARTModemStatusGet), (12 bytes).
    Removing uart.o(i.UARTParityModeGet), (10 bytes).
    Removing uart.o(i.UARTParityModeSet), (12 bytes).
    Removing uart.o(i.UARTRxErrorClear), (6 bytes).
    Removing uart.o(i.UARTRxErrorGet), (10 bytes).
    Removing uart.o(i.UARTSmartCardDisable), (10 bytes).
    Removing uart.o(i.UARTSmartCardEnable), (22 bytes).
    Removing uart.o(i.UARTSpaceAvail), (12 bytes).
    Removing uart.o(i.UARTTxIntModeGet), (10 bytes).
    Removing uart.o(i.UARTTxIntModeSet), (12 bytes).
    Removing uart.o(i._UARTIntNumberGet), (76 bytes).
    Removing uart.o(.constdata), (128 bytes).
    Removing udma.o(i.uDMAChannelAssign), (40 bytes).
    Removing udma.o(i.uDMAChannelAttributeDisable), (68 bytes).
    Removing udma.o(i.uDMAChannelAttributeEnable), (68 bytes).
    Removing udma.o(i.uDMAChannelAttributeGet), (80 bytes).
    Removing udma.o(i.uDMAChannelControlSet), (40 bytes).
    Removing udma.o(i.uDMAChannelDisable), (20 bytes).
    Removing udma.o(i.uDMAChannelEnable), (20 bytes).
    Removing udma.o(i.uDMAChannelIsEnabled), (32 bytes).
    Removing udma.o(i.uDMAChannelModeGet), (48 bytes).
    Removing udma.o(i.uDMAChannelRequest), (20 bytes).
    Removing udma.o(i.uDMAChannelScatterGatherSet), (92 bytes).
    Removing udma.o(i.uDMAChannelSelectDefault), (16 bytes).
    Removing udma.o(i.uDMAChannelSelectSecondary), (16 bytes).
    Removing udma.o(i.uDMAChannelSizeGet), (44 bytes).
    Removing udma.o(i.uDMAChannelTransferSet), (176 bytes).
    Removing udma.o(i.uDMAControlAlternateBaseGet), (12 bytes).
    Removing udma.o(i.uDMAControlBaseGet), (12 bytes).
    Removing udma.o(i.uDMAControlBaseSet), (12 bytes).
    Removing udma.o(i.uDMADisable), (12 bytes).
    Removing udma.o(i.uDMAEnable), (12 bytes).
    Removing udma.o(i.uDMAErrorStatusClear), (12 bytes).
    Removing udma.o(i.uDMAErrorStatusGet), (12 bytes).
    Removing udma.o(i.uDMAIntClear), (12 bytes).
    Removing udma.o(i.uDMAIntRegister), (22 bytes).
    Removing udma.o(i.uDMAIntStatus), (12 bytes).
    Removing udma.o(i.uDMAIntUnregister), (18 bytes).
    Removing usb.o(i.USBClockDisable), (8 bytes).
    Removing usb.o(i.USBClockEnable), (10 bytes).
    Removing usb.o(i.USBControllerVersion), (12 bytes).
    Removing usb.o(i.USBDMAChannelAddressGet), (12 bytes).
    Removing usb.o(i.USBDMAChannelAddressSet), (12 bytes).
    Removing usb.o(i.USBDMAChannelConfigSet), (26 bytes).
    Removing usb.o(i.USBDMAChannelCountGet), (12 bytes).
    Removing usb.o(i.USBDMAChannelCountSet), (12 bytes).
    Removing usb.o(i.USBDMAChannelDisable), (24 bytes).
    Removing usb.o(i.USBDMAChannelEnable), (24 bytes).
    Removing usb.o(i.USBDMAChannelIntDisable), (24 bytes).
    Removing usb.o(i.USBDMAChannelIntEnable), (24 bytes).
    Removing usb.o(i.USBDMAChannelIntStatus), (8 bytes).
    Removing usb.o(i.USBDMAChannelStatus), (16 bytes).
    Removing usb.o(i.USBDMAChannelStatusClear), (26 bytes).
    Removing usb.o(i.USBDMANumChannels), (10 bytes).
    Removing usb.o(i.USBDevAddrGet), (6 bytes).
    Removing usb.o(i.USBDevAddrSet), (4 bytes).
    Removing usb.o(i.USBDevConnect), (10 bytes).
    Removing usb.o(i.USBDevDisconnect), (10 bytes).
    Removing usb.o(i.USBDevEndpointConfigGet), (200 bytes).
    Removing usb.o(i.USBDevEndpointConfigSet), (174 bytes).
    Removing usb.o(i.USBDevEndpointDataAck), (44 bytes).
    Removing usb.o(i.USBDevEndpointStall), (68 bytes).
    Removing usb.o(i.USBDevEndpointStallClear), (92 bytes).
    Removing usb.o(i.USBDevEndpointStatusClear), (112 bytes).
    Removing usb.o(i.USBDevLPMConfig), (6 bytes).
    Removing usb.o(i.USBDevLPMDisable), (14 bytes).
    Removing usb.o(i.USBDevLPMEnable), (14 bytes).
    Removing usb.o(i.USBDevLPMRemoteWake), (14 bytes).
    Removing usb.o(i.USBDevMode), (8 bytes).
    Removing usb.o(i.USBDevSpeedGet), (18 bytes).
    Removing usb.o(i.USBEndpointDMAChannel), (34 bytes).
    Removing usb.o(i.USBEndpointDMAConfigSet), (112 bytes).
    Removing usb.o(i.USBEndpointDMADisable), (60 bytes).
    Removing usb.o(i.USBEndpointDMAEnable), (60 bytes).
    Removing usb.o(i.USBEndpointDataAvail), (34 bytes).
    Removing usb.o(i.USBEndpointDataGet), (82 bytes).
    Removing usb.o(i.USBEndpointDataPut), (54 bytes).
    Removing usb.o(i.USBEndpointDataSend), (58 bytes).
    Removing usb.o(i.USBEndpointDataToggleClear), (52 bytes).
    Removing usb.o(i.USBEndpointPacketCountSet), (18 bytes).
    Removing usb.o(i.USBEndpointStatus), (28 bytes).
    Removing usb.o(i.USBFIFOAddrGet), (12 bytes).
    Removing usb.o(i.USBFIFOConfigGet), (88 bytes).
    Removing usb.o(i.USBFIFOConfigSet), (92 bytes).
    Removing usb.o(i.USBFIFOFlush), (96 bytes).
    Removing usb.o(i.USBFrameNumberGet), (6 bytes).
    Removing usb.o(i.USBHighSpeed), (22 bytes).
    Removing usb.o(i.USBHostAddrGet), (32 bytes).
    Removing usb.o(i.USBHostAddrSet), (32 bytes).
    Removing usb.o(i.USBHostEndpointConfig), (298 bytes).
    Removing usb.o(i.USBHostEndpointDataAck), (40 bytes).
    Removing usb.o(i.USBHostEndpointDataToggle), (114 bytes).
    Removing usb.o(i.USBHostEndpointPing), (44 bytes).
    Removing usb.o(i.USBHostEndpointSpeed), (124 bytes).
    Removing usb.o(i.USBHostEndpointStatusClear), (56 bytes).
    Removing usb.o(i.USBHostHubAddrGet), (32 bytes).
    Removing usb.o(i.USBHostHubAddrSet), (68 bytes).
    Removing usb.o(i.USBHostLPMConfig), (22 bytes).
    Removing usb.o(i.USBHostLPMResume), (14 bytes).
    Removing usb.o(i.USBHostLPMSend), (36 bytes).
    Removing usb.o(i.USBHostMode), (8 bytes).
    Removing usb.o(i.USBHostPwrConfig), (24 bytes).
    Removing usb.o(i.USBHostPwrDisable), (14 bytes).
    Removing usb.o(i.USBHostPwrEnable), (14 bytes).
    Removing usb.o(i.USBHostPwrFaultDisable), (14 bytes).
    Removing usb.o(i.USBHostPwrFaultEnable), (14 bytes).
    Removing usb.o(i.USBHostRequestIN), (20 bytes).
    Removing usb.o(i.USBHostRequestINClear), (24 bytes).
    Removing usb.o(i.USBHostRequestStatus), (8 bytes).
    Removing usb.o(i.USBHostReset), (22 bytes).
    Removing usb.o(i.USBHostResume), (22 bytes).
    Removing usb.o(i.USBHostSpeedGet), (48 bytes).
    Removing usb.o(i.USBHostSuspend), (10 bytes).
    Removing usb.o(i.USBIntDisableControl), (40 bytes).
    Removing usb.o(i.USBIntDisableEndpoint), (20 bytes).
    Removing usb.o(i.USBIntEnableControl), (40 bytes).
    Removing usb.o(i.USBIntEnableEndpoint), (22 bytes).
    Removing usb.o(i.USBIntRegister), (30 bytes).
    Removing usb.o(i.USBIntStatusControl), (64 bytes).
    Removing usb.o(i.USBIntStatusEndpoint), (12 bytes).
    Removing usb.o(i.USBIntUnregister), (26 bytes).
    Removing usb.o(i.USBLPMEndpointGet), (12 bytes).
    Removing usb.o(i.USBLPMIntDisable), (12 bytes).
    Removing usb.o(i.USBLPMIntEnable), (12 bytes).
    Removing usb.o(i.USBLPMIntStatus), (8 bytes).
    Removing usb.o(i.USBLPMLinkStateGet), (12 bytes).
    Removing usb.o(i.USBLPMRemoteWakeEnabled), (20 bytes).
    Removing usb.o(i.USBModeConfig), (6 bytes).
    Removing usb.o(i.USBModeGet), (12 bytes).
    Removing usb.o(i.USBNumEndpointsGet), (12 bytes).
    Removing usb.o(i.USBOTGMode), (8 bytes).
    Removing usb.o(i.USBOTGSessionRequest), (30 bytes).
    Removing usb.o(i.USBPHYPowerOff), (10 bytes).
    Removing usb.o(i.USBPHYPowerOn), (10 bytes).
    Removing usb.o(i.USBULPIConfig), (6 bytes).
    Removing usb.o(i.USBULPIDisable), (14 bytes).
    Removing usb.o(i.USBULPIEnable), (14 bytes).
    Removing usb.o(i.USBULPIRegRead), (38 bytes).
    Removing usb.o(i.USBULPIRegWrite), (34 bytes).
    Removing usb.o(i._USBIndexRead), (22 bytes).
    Removing usb.o(i._USBIndexWrite), (22 bytes).
    Removing usb.o(i._USBIntNumberGet), (60 bytes).
    Removing watchdog.o(i.WatchdogEnable), (10 bytes).
    Removing watchdog.o(i.WatchdogIntClear), (6 bytes).
    Removing watchdog.o(i.WatchdogIntEnable), (10 bytes).
    Removing watchdog.o(i.WatchdogIntRegister), (22 bytes).
    Removing watchdog.o(i.WatchdogIntStatus), (12 bytes).
    Removing watchdog.o(i.WatchdogIntTypeSet), (12 bytes).
    Removing watchdog.o(i.WatchdogIntUnregister), (18 bytes).
    Removing watchdog.o(i.WatchdogLock), (8 bytes).
    Removing watchdog.o(i.WatchdogLockState), (16 bytes).
    Removing watchdog.o(i.WatchdogReloadGet), (6 bytes).
    Removing watchdog.o(i.WatchdogReloadSet), (4 bytes).
    Removing watchdog.o(i.WatchdogResetDisable), (10 bytes).
    Removing watchdog.o(i.WatchdogResetEnable), (10 bytes).
    Removing watchdog.o(i.WatchdogRunning), (10 bytes).
    Removing watchdog.o(i.WatchdogStallDisable), (14 bytes).
    Removing watchdog.o(i.WatchdogStallEnable), (14 bytes).
    Removing watchdog.o(i.WatchdogUnlock), (12 bytes).
    Removing watchdog.o(i.WatchdogValueGet), (6 bytes).
    Removing uartstdio.o(i.UARTStdioConfig), (80 bytes).
    Removing uartstdio.o(i.UARTgetc), (20 bytes).
    Removing uartstdio.o(i.UARTgets), (144 bytes).
    Removing uartstdio.o(i.UARTprintf), (26 bytes).
    Removing uartstdio.o(i.UARTvprintf), (592 bytes).
    Removing uartstdio.o(i.UARTwrite), (52 bytes).
    Removing uartstdio.o(.constdata), (28 bytes).
    Removing uartstdio.o(.conststring), (17 bytes).
    Removing uartstdio.o(.data), (5 bytes).
    Removing event_groups.o(i.prvTestWaitCondition), (30 bytes).
    Removing event_groups.o(i.vEventGroupClearBitsCallback), (16 bytes).
    Removing event_groups.o(i.vEventGroupDelete), (82 bytes).
    Removing event_groups.o(i.vEventGroupSetBitsCallback), (16 bytes).
    Removing event_groups.o(i.xEventGroupClearBits), (92 bytes).
    Removing event_groups.o(i.xEventGroupCreate), (26 bytes).
    Removing event_groups.o(i.xEventGroupGetBitsFromISR), (44 bytes).
    Removing event_groups.o(i.xEventGroupSetBits), (206 bytes).
    Removing event_groups.o(i.xEventGroupSync), (268 bytes).
    Removing event_groups.o(i.xEventGroupWaitBits), (340 bytes).
    Removing queue.o(i.pcQueueGetName), (44 bytes).
    Removing queue.o(i.uxQueueMessagesWaiting), (42 bytes).
    Removing queue.o(i.uxQueueMessagesWaitingFromISR), (30 bytes).
    Removing queue.o(i.uxQueueSpacesAvailable), (48 bytes).
    Removing queue.o(i.vQueueDelete), (44 bytes).
    Removing queue.o(i.vQueueUnregisterQueue), (48 bytes).
    Removing queue.o(i.xQueueAddToSet), (38 bytes).
    Removing queue.o(i.xQueueCreateCountingSemaphore), (92 bytes).
    Removing queue.o(i.xQueueCreateSet), (20 bytes).
    Removing queue.o(i.xQueueGiveFromISR), (246 bytes).
    Removing queue.o(i.xQueueIsQueueEmptyFromISR), (38 bytes).
    Removing queue.o(i.xQueueIsQueueFullFromISR), (42 bytes).
    Removing queue.o(i.xQueuePeekFromISR), (176 bytes).
    Removing queue.o(i.xQueueReceiveFromISR), (202 bytes).
    Removing queue.o(i.xQueueRemoveFromSet), (48 bytes).
    Removing queue.o(i.xQueueSelectFromSet), (26 bytes).
    Removing queue.o(i.xQueueSelectFromSetFromISR), (22 bytes).
    Removing tasks.o(i.eTaskGetState), (132 bytes).
    Removing tasks.o(i.pcTaskGetName), (48 bytes).
    Removing tasks.o(i.prvTaskIsTaskSuspended), (88 bytes).
    Removing tasks.o(i.ulTaskNotifyTake), (116 bytes).
    Removing tasks.o(i.uxTaskGetNumberOfTasks), (12 bytes).
    Removing tasks.o(i.uxTaskPriorityGet), (36 bytes).
    Removing tasks.o(i.uxTaskPriorityGetFromISR), (68 bytes).
    Removing tasks.o(i.uxTaskResetEventItemValue), (28 bytes).
    Removing tasks.o(i.vTaskDelay), (92 bytes).
    Removing tasks.o(i.vTaskDelayUntil), (212 bytes).
    Removing tasks.o(i.vTaskEndScheduler), (36 bytes).
    Removing tasks.o(i.vTaskNotifyGiveFromISR), (240 bytes).
    Removing tasks.o(i.vTaskPlaceOnUnorderedEventList), (108 bytes).
    Removing tasks.o(i.vTaskPrioritySet), (248 bytes).
    Removing tasks.o(i.vTaskResume), (144 bytes).
    Removing tasks.o(i.vTaskSuspend), (188 bytes).
    Removing tasks.o(i.xTaskGenericNotify), (256 bytes).
    Removing tasks.o(i.xTaskGenericNotifyFromISR), (320 bytes).
    Removing tasks.o(i.xTaskGetTickCountFromISR), (20 bytes).
    Removing tasks.o(i.xTaskNotifyStateClear), (52 bytes).
    Removing tasks.o(i.xTaskNotifyWait), (160 bytes).
    Removing tasks.o(i.xTaskRemoveFromUnorderedEventList), (172 bytes).
    Removing tasks.o(i.xTaskResumeFromISR), (176 bytes).
    Removing timers.o(i.pcTimerGetName), (32 bytes).
    Removing timers.o(i.prvInitialiseNewTimer), (78 bytes).
    Removing timers.o(i.pvTimerGetTimerID), (44 bytes).
    Removing timers.o(i.vTimerSetTimerID), (44 bytes).
    Removing timers.o(i.xTimerCreate), (48 bytes).
    Removing timers.o(i.xTimerGetExpiryTime), (34 bytes).
    Removing timers.o(i.xTimerGetPeriod), (32 bytes).
    Removing timers.o(i.xTimerGetTimerDaemonTaskHandle), (48 bytes).
    Removing timers.o(i.xTimerIsTimerActive), (56 bytes).
    Removing heap_4.o(i.vPortInitialiseBlocks), (2 bytes).
    Removing heap_4.o(i.xPortGetFreeHeapSize), (12 bytes).
    Removing heap_4.o(i.xPortGetMinimumEverFreeHeapSize), (12 bytes).
    Removing port.o(i.vPortEndScheduler), (48 bytes).
    Removing i2cm_drv.o(i.I2CMCommand), (140 bytes).
    Removing i2cm_drv.o(i.I2CMInit), (62 bytes).
    Removing i2cm_drv.o(i.I2CMIntHandler), (224 bytes).
    Removing i2cm_drv.o(i.I2CMRead16BE), (88 bytes).
    Removing i2cm_drv.o(i.I2CMRead16BECallback), (62 bytes).
    Removing i2cm_drv.o(i.I2CMReadModifyWrite16LE), (132 bytes).
    Removing i2cm_drv.o(i.I2CMReadModifyWrite16LECallback), (108 bytes).
    Removing i2cm_drv.o(i.I2CMReadModifyWrite8), (128 bytes).
    Removing i2cm_drv.o(i.I2CMReadModifyWrite8Callback), (92 bytes).
    Removing i2cm_drv.o(i.I2CMStateCallback), (90 bytes).
    Removing i2cm_drv.o(i.I2CMStateIdle), (184 bytes).
    Removing i2cm_drv.o(i.I2CMStateReadFinal), (64 bytes).
    Removing i2cm_drv.o(i.I2CMStateReadFirst), (44 bytes).
    Removing i2cm_drv.o(i.I2CMStateReadNext), (74 bytes).
    Removing i2cm_drv.o(i.I2CMStateReadOne), (34 bytes).
    Removing i2cm_drv.o(i.I2CMStateReadPause), (72 bytes).
    Removing i2cm_drv.o(i.I2CMStateReadWait), (24 bytes).
    Removing i2cm_drv.o(i.I2CMStateWriteFinal), (86 bytes).
    Removing i2cm_drv.o(i.I2CMStateWriteNext), (74 bytes).
    Removing i2cm_drv.o(i.I2CMStateWritePause), (108 bytes).
    Removing i2cm_drv.o(i.I2CMTransferResume), (72 bytes).
    Removing i2cm_drv.o(i.I2CMWrite16BE), (88 bytes).
    Removing i2cm_drv.o(i.I2CMWrite16BECallback), (66 bytes).
    Removing i2cm_drv.o(i.I2CMWrite8), (92 bytes).
    Removing i2cm_drv.o(i.I2CMWrite8Callback), (66 bytes).
    Removing bsp_gpio.o(i.init_Bsp_GPIO), (600 bytes).
    Removing bsp_led.o(i.Set_LED), (96 bytes).
    Removing bsp_led.o(i.Set_LED_B), (36 bytes).
    Removing bsp_led.o(i.Set_LED_G), (36 bytes).
    Removing bsp_led.o(i.Set_LED_R), (36 bytes).
    Removing bsp_key.o(i.Key), (48 bytes).
    Removing bsp_key.o(i.Long_Press), (132 bytes).
    Removing bsp_key.o(i.click), (72 bytes).
    Removing bsp_key.o(i.click_N_Double), (248 bytes).
    Removing bsp_key.o(.data), (22 bytes).
    Removing bsp_uart.o(i.Queue_uint8_t_count_remain), (34 bytes).
    Removing bsp_uart.o(i.Queue_uint8_t_dequeue), (66 bytes).
    Removing bsp_uart.o(i.Queue_uint8_t_init), (12 bytes).
    Removing bsp_uart.o(i.RingBuf_uint8_t_init), (12 bytes).
    Removing bsp_uart.o(i.RingBuf_uint8_t_pop_length), (136 bytes).
    Removing bsp_uart.o(i.RingBuf_uint8_t_push), (56 bytes).
    Removing bsp_uart.o(i.UartRxIntHandler), (100 bytes).
    Removing bsp_uart.o(i.UartRxSolve), (204 bytes).
    Removing bsp_uart.o(i.Uart_DMA_Trans), (144 bytes).
    Removing bsp_uart.o(i._DeviceRxIntHandler), (196 bytes).
    Removing bsp_uart.o(i.error_uDMA), (4 bytes).
    Removing bsp_uart.o(i.error_uart), (4 bytes).
    Removing bsp_uart.o(i.init_Bsp_UART), (628 bytes).
    Removing bsp_uart.o(.bss), (2240 bytes).
    Removing bsp_pwm.o(i.Drv_PWM_Init), (340 bytes).
    Removing bsp_pwm.o(i.Set_PWM), (244 bytes).
    Removing filter.o(i.biquadFilterApply), (70 bytes).
    Removing filter.o(i.biquadFilterInit), (292 bytes).
    Removing filter.o(i.biquadFilterInitLPF), (58 bytes).
    Removing filter.o(i.init_filter), (116 bytes).
    Removing filter.o(.bss), (168 bytes).
    Removing epi.o(i.EPIWorkaroundWordWrite), (12 bytes).
    Removing epi.o(i.EPIWorkaroundWordRead), (14 bytes).
    Removing epi.o(i.EPIWorkaroundHWordWrite), (12 bytes).
    Removing epi.o(i.EPIWorkaroundHWordRead), (14 bytes).
    Removing epi.o(i.EPIWorkaroundByteWrite), (12 bytes).
    Removing epi.o(i.EPIWorkaroundByteRead), (14 bytes).
    Removing i2cm_drv.o(i.I2CMWrite), (52 bytes).
    Removing i2cm_drv.o(i.I2CMRead), (52 bytes).
    Removing i2cm_drv.o(i.I2CMWriteBatched), (56 bytes).
    Removing i2cm_drv.o(i.I2CMReadBatched), (50 bytes).
    Removing i2cm_drv.o(i.I2CMReadModifyWrite16BE), (64 bytes).

1103 unused section(s) (total 49784 bytes) removed from the image.

==============================================================================

Image Symbol Table

    Local Symbols

    Symbol Name                              Value     Ov Type        Size  Object(Section)

    RESET                                    0x00000000   Section      648  startup_rvmdk.o(RESET)
    ../clib/microlib/errno.c                 0x00000000   Number         0  errno.o ABSOLUTE
    ../clib/microlib/init/entry.s            0x00000000   Number         0  entry7b.o ABSOLUTE
    ../clib/microlib/init/entry.s            0x00000000   Number         0  entry8a.o ABSOLUTE
    ../clib/microlib/init/entry.s            0x00000000   Number         0  entry8b.o ABSOLUTE
    ../clib/microlib/init/entry.s            0x00000000   Number         0  entry.o ABSOLUTE
    ../clib/microlib/init/entry.s            0x00000000   Number         0  entry9b.o ABSOLUTE
    ../clib/microlib/init/entry.s            0x00000000   Number         0  entry10a.o ABSOLUTE
    ../clib/microlib/init/entry.s            0x00000000   Number         0  entry10b.o ABSOLUTE
    ../clib/microlib/init/entry.s            0x00000000   Number         0  entry2.o ABSOLUTE
    ../clib/microlib/init/entry.s            0x00000000   Number         0  entry11a.o ABSOLUTE
    ../clib/microlib/init/entry.s            0x00000000   Number         0  entry11b.o ABSOLUTE
    ../clib/microlib/init/entry.s            0x00000000   Number         0  entry9a.o ABSOLUTE
    ../clib/microlib/init/entry.s            0x00000000   Number         0  entry5.o ABSOLUTE
    ../clib/microlib/init/entry.s            0x00000000   Number         0  entry7a.o ABSOLUTE
    ../clib/microlib/string/memcpy.c         0x00000000   Number         0  memcpyb.o ABSOLUTE
    ../clib/microlib/string/memcpy.c         0x00000000   Number         0  memcpya.o ABSOLUTE
    ../clib/microlib/stubs.s                 0x00000000   Number         0  iusefp.o ABSOLUTE
    ../mathlib/cosf.c                        0x00000000   Number         0  cosf.o ABSOLUTE
    ../mathlib/cosf.c                        0x00000000   Number         0  cosf_x.o ABSOLUTE
    ../mathlib/fpclassifyf.c                 0x00000000   Number         0  fpclassifyf.o ABSOLUTE
    ../mathlib/funder.c                      0x00000000   Number         0  funder.o ABSOLUTE
    ../mathlib/rredf.c                       0x00000000   Number         0  rredf.o ABSOLUTE
    ../mathlib/sinf.c                        0x00000000   Number         0  sinf.o ABSOLUTE
    ../mathlib/sinf.c                        0x00000000   Number         0  sinf_x.o ABSOLUTE
    ../mathlib/sqrtf.c                       0x00000000   Number         0  sqrtf_x.o ABSOLUTE
    ../mathlib/sqrtf.c                       0x00000000   Number         0  sqrtf.o ABSOLUTE
    FreeRTOS\\port\\RVDS\\ARM_CM4F\\port.c   0x00000000   Number         0  port.o ABSOLUTE
    FreeRTOS\croutine.c                      0x00000000   Number         0  croutine.o ABSOLUTE
    FreeRTOS\event_groups.c                  0x00000000   Number         0  event_groups.o ABSOLUTE
    FreeRTOS\list.c                          0x00000000   Number         0  list.o ABSOLUTE
    FreeRTOS\port\MemMang\heap_4.c           0x00000000   Number         0  heap_4.o ABSOLUTE
    FreeRTOS\port\RVDS\ARM_CM4F\port.c       0x00000000   Number         0  port.o ABSOLUTE
    FreeRTOS\queue.c                         0x00000000   Number         0  queue.o ABSOLUTE
    FreeRTOS\tasks.c                         0x00000000   Number         0  tasks.o ABSOLUTE
    FreeRTOS\timers.c                        0x00000000   Number         0  timers.o ABSOLUTE
    Lib\\driverlib\\cpu.c                    0x00000000   Number         0  cpu.o ABSOLUTE
    Lib\\driverlib\\sysctl.c                 0x00000000   Number         0  sysctl.o ABSOLUTE
    Lib\driverlib\adc.c                      0x00000000   Number         0  adc.o ABSOLUTE
    Lib\driverlib\aes.c                      0x00000000   Number         0  aes.o ABSOLUTE
    Lib\driverlib\can.c                      0x00000000   Number         0  can.o ABSOLUTE
    Lib\driverlib\comp.c                     0x00000000   Number         0  comp.o ABSOLUTE
    Lib\driverlib\cpu.c                      0x00000000   Number         0  cpu.o ABSOLUTE
    Lib\driverlib\crc.c                      0x00000000   Number         0  crc.o ABSOLUTE
    Lib\driverlib\des.c                      0x00000000   Number         0  des.o ABSOLUTE
    Lib\driverlib\eeprom.c                   0x00000000   Number         0  eeprom.o ABSOLUTE
    Lib\driverlib\emac.c                     0x00000000   Number         0  emac.o ABSOLUTE
    Lib\driverlib\epi.c                      0x00000000   Number         0  epi.o ABSOLUTE
    Lib\driverlib\flash.c                    0x00000000   Number         0  flash.o ABSOLUTE
    Lib\driverlib\fpu.c                      0x00000000   Number         0  fpu.o ABSOLUTE
    Lib\driverlib\gpio.c                     0x00000000   Number         0  gpio.o ABSOLUTE
    Lib\driverlib\hibernate.c                0x00000000   Number         0  hibernate.o ABSOLUTE
    Lib\driverlib\i2c.c                      0x00000000   Number         0  i2c.o ABSOLUTE
    Lib\driverlib\interrupt.c                0x00000000   Number         0  interrupt.o ABSOLUTE
    Lib\driverlib\lcd.c                      0x00000000   Number         0  lcd.o ABSOLUTE
    Lib\driverlib\mpu.c                      0x00000000   Number         0  mpu.o ABSOLUTE
    Lib\driverlib\onewire.c                  0x00000000   Number         0  onewire.o ABSOLUTE
    Lib\driverlib\pwm.c                      0x00000000   Number         0  pwm.o ABSOLUTE
    Lib\driverlib\qei.c                      0x00000000   Number         0  qei.o ABSOLUTE
    Lib\driverlib\shamd5.c                   0x00000000   Number         0  shamd5.o ABSOLUTE
    Lib\driverlib\ssi.c                      0x00000000   Number         0  ssi.o ABSOLUTE
    Lib\driverlib\sw_crc.c                   0x00000000   Number         0  sw_crc.o ABSOLUTE
    Lib\driverlib\sysctl.c                   0x00000000   Number         0  sysctl.o ABSOLUTE
    Lib\driverlib\sysexc.c                   0x00000000   Number         0  sysexc.o ABSOLUTE
    Lib\driverlib\systick.c                  0x00000000   Number         0  systick.o ABSOLUTE
    Lib\driverlib\timer.c                    0x00000000   Number         0  timer.o ABSOLUTE
    Lib\driverlib\uart.c                     0x00000000   Number         0  uart.o ABSOLUTE
    Lib\driverlib\udma.c                     0x00000000   Number         0  udma.o ABSOLUTE
    Lib\driverlib\usb.c                      0x00000000   Number         0  usb.o ABSOLUTE
    Lib\driverlib\watchdog.c                 0x00000000   Number         0  watchdog.o ABSOLUTE
    Lib\sensorlib\i2cm_drv.c                 0x00000000   Number         0  i2cm_drv.o ABSOLUTE
    Lib\utils\uartstdio.c                    0x00000000   Number         0  uartstdio.o ABSOLUTE
    Startup\startup_rvmdk.S                  0x00000000   Number         0  startup_rvmdk.o ABSOLUTE
    User\BSP\bsp_LED.c                       0x00000000   Number         0  bsp_led.o ABSOLUTE
    User\BSP\bsp_gpio.c                      0x00000000   Number         0  bsp_gpio.o ABSOLUTE
    User\BSP\bsp_key.c                       0x00000000   Number         0  bsp_key.o ABSOLUTE
    User\BSP\bsp_motor.c                     0x00000000   Number         0  bsp_motor.o ABSOLUTE
    User\BSP\bsp_pwm.c                       0x00000000   Number         0  bsp_pwm.o ABSOLUTE
    User\BSP\bsp_uart.c                      0x00000000   Number         0  bsp_uart.o ABSOLUTE
    User\freertos.c                          0x00000000   Number         0  freertos.o ABSOLUTE
    User\main.c                              0x00000000   Number         0  main.o ABSOLUTE
    User\tm4c_it.c                           0x00000000   Number         0  tm4c_it.o ABSOLUTE
    User\uart_handle.c                       0x00000000   Number         0  uart_handle.o ABSOLUTE
    User\utils\filter.c                      0x00000000   Number         0  filter.o ABSOLUTE
    dc.s                                     0x00000000   Number         0  dc.o ABSOLUTE
    handlers.s                               0x00000000   Number         0  handlers.o ABSOLUTE
    init.s                                   0x00000000   Number         0  init.o ABSOLUTE
    $v0                                      0x0000026c   Number         0  startup_rvmdk.o(RESET)
    NmiSR                                    0x00000281   Thumb Code     0  startup_rvmdk.o(RESET)
    FaultISR                                 0x00000283   Thumb Code     0  startup_rvmdk.o(RESET)
    IntDefaultHandler                        0x00000285   Thumb Code     0  startup_rvmdk.o(RESET)
    .ARM.Collect$$$$00000000                 0x00000288   Section        0  entry.o(.ARM.Collect$$$$00000000)
    .ARM.Collect$$$$00000001                 0x00000288   Section        4  entry2.o(.ARM.Collect$$$$00000001)
    .ARM.Collect$$$$00000004                 0x0000028c   Section        4  entry5.o(.ARM.Collect$$$$00000004)
    .ARM.Collect$$$$00000008                 0x00000290   Section        0  entry7b.o(.ARM.Collect$$$$00000008)
    .ARM.Collect$$$$0000000A                 0x00000290   Section        0  entry8b.o(.ARM.Collect$$$$0000000A)
    .ARM.Collect$$$$0000000B                 0x00000290   Section        8  entry9a.o(.ARM.Collect$$$$0000000B)
    .ARM.Collect$$$$0000000D                 0x00000298   Section        0  entry10a.o(.ARM.Collect$$$$0000000D)
    .ARM.Collect$$$$0000000F                 0x00000298   Section        0  entry11a.o(.ARM.Collect$$$$0000000F)
    .ARM.Collect$$$$00002712                 0x00000298   Section        4  entry2.o(.ARM.Collect$$$$00002712)
    __lit__00000000                          0x00000298   Data           4  entry2.o(.ARM.Collect$$$$00002712)
    .emb_text                                0x0000029c   Section       38  cpu.o(.emb_text)
    $v0                                      0x0000029c   Number         0  cpu.o(.emb_text)
    .emb_text                                0x000002c4   Section      182  port.o(.emb_text)
    $v0                                      0x000002c4   Number         0  port.o(.emb_text)
    .text                                    0x0000037a   Section        0  memcpya.o(.text)
    .text                                    0x000003a0   Section       36  init.o(.text)
    i.AppTaskCreate                          0x000003c4   Section        0  freertos.o(i.AppTaskCreate)
    AppTaskCreate                            0x000003c5   Thumb Code    22  freertos.o(i.AppTaskCreate)
    i.BSP_Init                               0x000003e0   Section        0  main.o(i.BSP_Init)
    BSP_Init                                 0x000003e1   Thumb Code    12  main.o(i.BSP_Init)
    i.IntMasterEnable                        0x000003f4   Section        0  interrupt.o(i.IntMasterEnable)
    i.RTOS_Init                              0x00000404   Section        0  freertos.o(i.RTOS_Init)
    i.SysCtlClockFreqSet                     0x00000434   Section        0  sysctl.o(i.SysCtlClockFreqSet)
    i.SysTick_Handler                        0x000006f8   Section        0  port.o(i.SysTick_Handler)
    i._SysCtlFrequencyGet                    0x0000072c   Section        0  sysctl.o(i._SysCtlFrequencyGet)
    _SysCtlFrequencyGet                      0x0000072d   Thumb Code    96  sysctl.o(i._SysCtlFrequencyGet)
    i._SysCtlMemTimingGet                    0x00000790   Section        0  sysctl.o(i._SysCtlMemTimingGet)
    _SysCtlMemTimingGet                      0x00000791   Thumb Code    36  sysctl.o(i._SysCtlMemTimingGet)
    i.__scatterload_copy                     0x000007b8   Section       14  handlers.o(i.__scatterload_copy)
    i.__scatterload_null                     0x000007c6   Section        2  handlers.o(i.__scatterload_null)
    i.__scatterload_zeroinit                 0x000007c8   Section       14  handlers.o(i.__scatterload_zeroinit)
    i.main                                   0x000007d6   Section        0  main.o(i.main)
    i.prvAddCurrentTaskToDelayedList         0x000007fc   Section        0  tasks.o(i.prvAddCurrentTaskToDelayedList)
    prvAddCurrentTaskToDelayedList           0x000007fd   Thumb Code   100  tasks.o(i.prvAddCurrentTaskToDelayedList)
    i.prvAddNewTaskToReadyList               0x00000878   Section        0  tasks.o(i.prvAddNewTaskToReadyList)
    prvAddNewTaskToReadyList                 0x00000879   Thumb Code   148  tasks.o(i.prvAddNewTaskToReadyList)
    i.prvCheckForValidListAndQueue           0x00000928   Section        0  timers.o(i.prvCheckForValidListAndQueue)
    prvCheckForValidListAndQueue             0x00000929   Thumb Code    72  timers.o(i.prvCheckForValidListAndQueue)
    i.prvCheckTasksWaitingTermination        0x0000098c   Section        0  tasks.o(i.prvCheckTasksWaitingTermination)
    prvCheckTasksWaitingTermination          0x0000098d   Thumb Code    86  tasks.o(i.prvCheckTasksWaitingTermination)
    i.prvCopyDataFromQueue                   0x000009f0   Section        0  queue.o(i.prvCopyDataFromQueue)
    prvCopyDataFromQueue                     0x000009f1   Thumb Code    42  queue.o(i.prvCopyDataFromQueue)
    i.prvCopyDataToQueue                     0x00000a1a   Section        0  queue.o(i.prvCopyDataToQueue)
    prvCopyDataToQueue                       0x00000a1b   Thumb Code   106  queue.o(i.prvCopyDataToQueue)
    i.prvDeleteTCB                           0x00000a84   Section        0  tasks.o(i.prvDeleteTCB)
    prvDeleteTCB                             0x00000a85   Thumb Code    18  tasks.o(i.prvDeleteTCB)
    i.prvGetNextExpireTime                   0x00000a98   Section        0  timers.o(i.prvGetNextExpireTime)
    prvGetNextExpireTime                     0x00000a99   Thumb Code    36  timers.o(i.prvGetNextExpireTime)
    i.prvHeapInit                            0x00000ac0   Section        0  heap_4.o(i.prvHeapInit)
    prvHeapInit                              0x00000ac1   Thumb Code    98  heap_4.o(i.prvHeapInit)
    i.prvIdleTask                            0x00000b3c   Section        0  tasks.o(i.prvIdleTask)
    prvIdleTask                              0x00000b3d   Thumb Code    32  tasks.o(i.prvIdleTask)
    i.prvInitialiseNewQueue                  0x00000b64   Section        0  queue.o(i.prvInitialiseNewQueue)
    prvInitialiseNewQueue                    0x00000b65   Thumb Code    42  queue.o(i.prvInitialiseNewQueue)
    i.prvInitialiseNewTask                   0x00000b8e   Section        0  tasks.o(i.prvInitialiseNewTask)
    prvInitialiseNewTask                     0x00000b8f   Thumb Code   164  tasks.o(i.prvInitialiseNewTask)
    i.prvInitialiseTaskLists                 0x00000c34   Section        0  tasks.o(i.prvInitialiseTaskLists)
    prvInitialiseTaskLists                   0x00000c35   Thumb Code    70  tasks.o(i.prvInitialiseTaskLists)
    i.prvInsertBlockIntoFreeList             0x00000c9c   Section        0  heap_4.o(i.prvInsertBlockIntoFreeList)
    prvInsertBlockIntoFreeList               0x00000c9d   Thumb Code    96  heap_4.o(i.prvInsertBlockIntoFreeList)
    i.prvInsertTimerInActiveList             0x00000d04   Section        0  timers.o(i.prvInsertTimerInActiveList)
    prvInsertTimerInActiveList               0x00000d05   Thumb Code    80  timers.o(i.prvInsertTimerInActiveList)
    i.prvIsQueueEmpty                        0x00000d5c   Section        0  queue.o(i.prvIsQueueEmpty)
    prvIsQueueEmpty                          0x00000d5d   Thumb Code    26  queue.o(i.prvIsQueueEmpty)
    i.prvIsQueueFull                         0x00000d76   Section        0  queue.o(i.prvIsQueueFull)
    prvIsQueueFull                           0x00000d77   Thumb Code    30  queue.o(i.prvIsQueueFull)
    i.prvNotifyQueueSetContainer             0x00000d94   Section        0  queue.o(i.prvNotifyQueueSetContainer)
    prvNotifyQueueSetContainer               0x00000d95   Thumb Code   144  queue.o(i.prvNotifyQueueSetContainer)
    i.prvProcessExpiredTimer                 0x00000e24   Section        0  timers.o(i.prvProcessExpiredTimer)
    prvProcessExpiredTimer                   0x00000e25   Thumb Code    94  timers.o(i.prvProcessExpiredTimer)
    i.prvProcessReceivedCommands             0x00000e88   Section        0  timers.o(i.prvProcessReceivedCommands)
    prvProcessReceivedCommands               0x00000e89   Thumb Code   242  timers.o(i.prvProcessReceivedCommands)
    i.prvProcessTimerOrBlockTask             0x00000f80   Section        0  timers.o(i.prvProcessTimerOrBlockTask)
    prvProcessTimerOrBlockTask               0x00000f81   Thumb Code   102  timers.o(i.prvProcessTimerOrBlockTask)
    i.prvResetNextTaskUnblockTime            0x00000ff4   Section        0  tasks.o(i.prvResetNextTaskUnblockTime)
    prvResetNextTaskUnblockTime              0x00000ff5   Thumb Code    42  tasks.o(i.prvResetNextTaskUnblockTime)
    i.prvSampleTimeNow                       0x00001028   Section        0  timers.o(i.prvSampleTimeNow)
    prvSampleTimeNow                         0x00001029   Thumb Code    40  timers.o(i.prvSampleTimeNow)
    i.prvSwitchTimerLists                    0x00001054   Section        0  timers.o(i.prvSwitchTimerLists)
    prvSwitchTimerLists                      0x00001055   Thumb Code   150  timers.o(i.prvSwitchTimerLists)
    i.prvTaskExitError                       0x000010f4   Section        0  port.o(i.prvTaskExitError)
    prvTaskExitError                         0x000010f5   Thumb Code    60  port.o(i.prvTaskExitError)
    i.prvTimerTask                           0x00001134   Section        0  timers.o(i.prvTimerTask)
    prvTimerTask                             0x00001135   Thumb Code    26  timers.o(i.prvTimerTask)
    i.prvUnlockQueue                         0x0000114e   Section        0  queue.o(i.prvUnlockQueue)
    prvUnlockQueue                           0x0000114f   Thumb Code   146  queue.o(i.prvUnlockQueue)
    i.pvPortMalloc                           0x000011e0   Section        0  heap_4.o(i.pvPortMalloc)
    i.pxPortInitialiseStack                  0x0000131c   Section        0  port.o(i.pxPortInitialiseStack)
    i.uxListRemove                           0x00001348   Section        0  list.o(i.uxListRemove)
    i.vListInitialise                        0x00001370   Section        0  list.o(i.vListInitialise)
    i.vListInitialiseItem                    0x0000138a   Section        0  list.o(i.vListInitialiseItem)
    i.vListInsert                            0x00001390   Section        0  list.o(i.vListInsert)
    i.vListInsertEnd                         0x000013c4   Section        0  list.o(i.vListInsertEnd)
    i.vPortEnterCritical                     0x000013dc   Section        0  port.o(i.vPortEnterCritical)
    i.vPortExitCritical                      0x00001430   Section        0  port.o(i.vPortExitCritical)
    i.vPortFree                              0x0000146c   Section        0  heap_4.o(i.vPortFree)
    i.vPortSetupTimerInterrupt               0x00001500   Section        0  port.o(i.vPortSetupTimerInterrupt)
    i.vPortValidateInterruptPriority         0x00001510   Section        0  port.o(i.vPortValidateInterruptPriority)
    i.vQueueAddToRegistry                    0x00001588   Section        0  queue.o(i.vQueueAddToRegistry)
    i.vQueueWaitForMessageRestricted         0x000015b4   Section        0  queue.o(i.vQueueWaitForMessageRestricted)
    i.vTaskDelete                            0x00001600   Section        0  tasks.o(i.vTaskDelete)
    i.vTaskMissedYield                       0x000016c8   Section        0  tasks.o(i.vTaskMissedYield)
    i.vTaskPlaceOnEventList                  0x000016d4   Section        0  tasks.o(i.vTaskPlaceOnEventList)
    i.vTaskPlaceOnEventListRestricted        0x0000170c   Section        0  tasks.o(i.vTaskPlaceOnEventListRestricted)
    i.vTaskSetTimeOutState                   0x0000174c   Section        0  tasks.o(i.vTaskSetTimeOutState)
    i.vTaskStartScheduler                    0x0000177c   Section        0  tasks.o(i.vTaskStartScheduler)
    i.vTaskSuspendAll                        0x00001810   Section        0  tasks.o(i.vTaskSuspendAll)
    i.vTaskSwitchContext                     0x00001820   Section        0  tasks.o(i.vTaskSwitchContext)
    i.xPortStartScheduler                    0x000018b0   Section        0  port.o(i.xPortStartScheduler)
    i.xQueueGenericCreate                    0x000019ec   Section        0  queue.o(i.xQueueGenericCreate)
    i.xQueueGenericReceive                   0x00001a44   Section        0  queue.o(i.xQueueGenericReceive)
    i.xQueueGenericReset                     0x00001be8   Section        0  queue.o(i.xQueueGenericReset)
    i.xQueueGenericSend                      0x00001c80   Section        0  queue.o(i.xQueueGenericSend)
    i.xQueueGenericSendFromISR               0x00001e48   Section        0  queue.o(i.xQueueGenericSendFromISR)
    i.xTaskCheckForTimeOut                   0x00001f50   Section        0  tasks.o(i.xTaskCheckForTimeOut)
    i.xTaskCreate                            0x00001fdc   Section        0  tasks.o(i.xTaskCreate)
    i.xTaskGetSchedulerState                 0x0000203c   Section        0  tasks.o(i.xTaskGetSchedulerState)
    i.xTaskGetTickCount                      0x0000205c   Section        0  tasks.o(i.xTaskGetTickCount)
    i.xTaskIncrementTick                     0x00002068   Section        0  tasks.o(i.xTaskIncrementTick)
    i.xTaskRemoveFromEventList               0x000021ac   Section        0  tasks.o(i.xTaskRemoveFromEventList)
    i.xTaskResumeAll                         0x00002244   Section        0  tasks.o(i.xTaskResumeAll)
    i.xTimerCreateTimerTask                  0x00002348   Section        0  timers.o(i.xTimerCreateTimerTask)
    i.xTimerGenericCommand                   0x000023a0   Section        0  timers.o(i.xTimerGenericCommand)
    .constdata                               0x00002424   Section      596  sysctl.o(.constdata)
    g_pui32Xtals                             0x00002424   Data         108  sysctl.o(.constdata)
    g_pppui32XTALtoVCO                       0x00002490   Data         432  sysctl.o(.constdata)
    g_sXTALtoMEMTIM                          0x00002640   Data          48  sysctl.o(.constdata)
    g_pui32VCOFrequencies                    0x00002670   Data           8  sysctl.o(.constdata)
    .data                                    0x20000000   Section        4  freertos.o(.data)
    AppTaskCreate_Handle                     0x20000000   Data           4  freertos.o(.data)
    .data                                    0x20000004   Section       60  tasks.o(.data)
    pxDelayedTaskList                        0x20000008   Data           4  tasks.o(.data)
    pxOverflowDelayedTaskList                0x2000000c   Data           4  tasks.o(.data)
    uxDeletedTasksWaitingCleanUp             0x20000010   Data           4  tasks.o(.data)
    uxCurrentNumberOfTasks                   0x20000014   Data           4  tasks.o(.data)
    xTickCount                               0x20000018   Data           4  tasks.o(.data)
    uxTopReadyPriority                       0x2000001c   Data           4  tasks.o(.data)
    xSchedulerRunning                        0x20000020   Data           4  tasks.o(.data)
    uxPendedTicks                            0x20000024   Data           4  tasks.o(.data)
    xYieldPending                            0x20000028   Data           4  tasks.o(.data)
    xNumOfOverflows                          0x2000002c   Data           4  tasks.o(.data)
    uxTaskNumber                             0x20000030   Data           4  tasks.o(.data)
    xNextTaskUnblockTime                     0x20000034   Data           4  tasks.o(.data)
    xIdleTaskHandle                          0x20000038   Data           4  tasks.o(.data)
    uxSchedulerSuspended                     0x2000003c   Data           4  tasks.o(.data)
    .data                                    0x20000040   Section       20  timers.o(.data)
    pxCurrentTimerList                       0x20000040   Data           4  timers.o(.data)
    pxOverflowTimerList                      0x20000044   Data           4  timers.o(.data)
    xTimerQueue                              0x20000048   Data           4  timers.o(.data)
    xTimerTaskHandle                         0x2000004c   Data           4  timers.o(.data)
    xLastTime                                0x20000050   Data           4  timers.o(.data)
    .data                                    0x20000054   Section       24  heap_4.o(.data)
    xStart                                   0x20000054   Data           8  heap_4.o(.data)
    pxEnd                                    0x2000005c   Data           4  heap_4.o(.data)
    xFreeBytesRemaining                      0x20000060   Data           4  heap_4.o(.data)
    xMinimumEverFreeBytesRemaining           0x20000064   Data           4  heap_4.o(.data)
    xBlockAllocatedBit                       0x20000068   Data           4  heap_4.o(.data)
    .data                                    0x2000006c   Section       12  port.o(.data)
    uxCriticalNesting                        0x2000006c   Data           4  port.o(.data)
    ucMaxSysCallPriority                     0x20000070   Data           1  port.o(.data)
    ulMaxPRIGROUPValue                       0x20000074   Data           4  port.o(.data)
    .bss                                     0x20000078   Section       80  queue.o(.bss)
    .bss                                     0x200000c8   Section      740  tasks.o(.bss)
    pxReadyTasksLists                        0x200000c8   Data         640  tasks.o(.bss)
    xDelayedTaskList1                        0x20000348   Data          20  tasks.o(.bss)
    xDelayedTaskList2                        0x2000035c   Data          20  tasks.o(.bss)
    xPendingReadyList                        0x20000370   Data          20  tasks.o(.bss)
    xTasksWaitingTermination                 0x20000384   Data          20  tasks.o(.bss)
    xSuspendedTaskList                       0x20000398   Data          20  tasks.o(.bss)
    .bss                                     0x200003ac   Section       40  timers.o(.bss)
    xActiveTimerList1                        0x200003ac   Data          20  timers.o(.bss)
    xActiveTimerList2                        0x200003c0   Data          20  timers.o(.bss)
    .bss                                     0x200003d4   Section    30720  heap_4.o(.bss)
    ucHeap                                   0x200003d4   Data       30720  heap_4.o(.bss)
    STACK                                    0x20007bd8   Section      256  startup_rvmdk.o(STACK)
    StackMem                                 0x20007bd8   Data           0  startup_rvmdk.o(STACK)

    Global Symbols

    Symbol Name                              Value     Ov Type        Size  Object(Section)

    BuildAttributes$$THM_ISAv4$E$P$D$K$B$S$7EM$VFPi3$EXTD16$VFPS$VFMA$PE$A:L22UL41UL21$X:L11$S22US41US21$IEEE1$IW$USESV6$~STKCKD$USESV7$~SHL$OTIME$ROPI$IEEEX$EBA8$MICROLIB$REQ8$PRES8$EABIv2 0x00000000   Number         0  anon$$obj.o ABSOLUTE
    __ARM_use_no_argv                        0x00000000   Number         0  main.o ABSOLUTE
    __Vectors                                0x00000000   Data           0  startup_rvmdk.o(RESET)
    __cpp_initialize__aeabi_                  - Undefined Weak Reference
    __cxa_finalize                            - Undefined Weak Reference
    __decompress                              - Undefined Weak Reference
    _clock_init                               - Undefined Weak Reference
    _microlib_exit                            - Undefined Weak Reference
    Reset_Handler                            0x0000026d   Thumb Code     0  startup_rvmdk.o(RESET)
    __main                                   0x00000289   Thumb Code     0  entry.o(.ARM.Collect$$$$00000000)
    _main_stk                                0x00000289   Thumb Code     0  entry2.o(.ARM.Collect$$$$00000001)
    _main_scatterload                        0x0000028d   Thumb Code     0  entry5.o(.ARM.Collect$$$$00000004)
    __main_after_scatterload                 0x00000291   Thumb Code     0  entry5.o(.ARM.Collect$$$$00000004)
    _main_clock                              0x00000291   Thumb Code     0  entry7b.o(.ARM.Collect$$$$00000008)
    _main_cpp_init                           0x00000291   Thumb Code     0  entry8b.o(.ARM.Collect$$$$0000000A)
    _main_init                               0x00000291   Thumb Code     0  entry9a.o(.ARM.Collect$$$$0000000B)
    __rt_final_cpp                           0x00000299   Thumb Code     0  entry10a.o(.ARM.Collect$$$$0000000D)
    __rt_final_exit                          0x00000299   Thumb Code     0  entry11a.o(.ARM.Collect$$$$0000000F)
    CPUcpsid                                 0x0000029d   Thumb Code     8  cpu.o(.emb_text)
    CPUprimask                               0x000002a5   Thumb Code     6  cpu.o(.emb_text)
    CPUcpsie                                 0x000002ab   Thumb Code     8  cpu.o(.emb_text)
    CPUwfi                                   0x000002b3   Thumb Code     4  cpu.o(.emb_text)
    CPUbasepriSet                            0x000002b7   Thumb Code     6  cpu.o(.emb_text)
    CPUbasepriGet                            0x000002bd   Thumb Code     6  cpu.o(.emb_text)
    SVC_Handler                              0x000002c5   Thumb Code    28  port.o(.emb_text)
    __asm___6_port_c_39a90d8d__prvStartFirstTask 0x000002e5   Thumb Code    28  port.o(.emb_text)
    __asm___6_port_c_39a90d8d__prvEnableVFP  0x00000305   Thumb Code    16  port.o(.emb_text)
    PendSV_Handler                           0x00000319   Thumb Code    88  port.o(.emb_text)
    vPortGetIPSR                             0x00000375   Thumb Code     6  port.o(.emb_text)
    __aeabi_memcpy                           0x0000037b   Thumb Code    36  memcpya.o(.text)
    __aeabi_memcpy4                          0x0000037b   Thumb Code     0  memcpya.o(.text)
    __aeabi_memcpy8                          0x0000037b   Thumb Code     0  memcpya.o(.text)
    __scatterload                            0x000003a1   Thumb Code    28  init.o(.text)
    __scatterload_rt2                        0x000003a1   Thumb Code     0  init.o(.text)
    IntMasterEnable                          0x000003f5   Thumb Code    16  interrupt.o(i.IntMasterEnable)
    RTOS_Init                                0x00000405   Thumb Code    24  freertos.o(i.RTOS_Init)
    SysCtlClockFreqSet                       0x00000435   Thumb Code   664  sysctl.o(i.SysCtlClockFreqSet)
    SysTick_Handler                          0x000006f9   Thumb Code    46  port.o(i.SysTick_Handler)
    __scatterload_copy                       0x000007b9   Thumb Code    14  handlers.o(i.__scatterload_copy)
    __scatterload_null                       0x000007c7   Thumb Code     2  handlers.o(i.__scatterload_null)
    __scatterload_zeroinit                   0x000007c9   Thumb Code    14  handlers.o(i.__scatterload_zeroinit)
    main                                     0x000007d7   Thumb Code    36  main.o(i.main)
    pvPortMalloc                             0x000011e1   Thumb Code   296  heap_4.o(i.pvPortMalloc)
    pxPortInitialiseStack                    0x0000131d   Thumb Code    38  port.o(i.pxPortInitialiseStack)
    uxListRemove                             0x00001349   Thumb Code    40  list.o(i.uxListRemove)
    vListInitialise                          0x00001371   Thumb Code    26  list.o(i.vListInitialise)
    vListInitialiseItem                      0x0000138b   Thumb Code     6  list.o(i.vListInitialiseItem)
    vListInsert                              0x00001391   Thumb Code    52  list.o(i.vListInsert)
    vListInsertEnd                           0x000013c5   Thumb Code    24  list.o(i.vListInsertEnd)
    vPortEnterCritical                       0x000013dd   Thumb Code    76  port.o(i.vPortEnterCritical)
    vPortExitCritical                        0x00001431   Thumb Code    56  port.o(i.vPortExitCritical)
    vPortFree                                0x0000146d   Thumb Code   140  heap_4.o(i.vPortFree)
    vPortSetupTimerInterrupt                 0x00001501   Thumb Code    16  port.o(i.vPortSetupTimerInterrupt)
    vPortValidateInterruptPriority           0x00001511   Thumb Code   106  port.o(i.vPortValidateInterruptPriority)
    vQueueAddToRegistry                      0x00001589   Thumb Code    38  queue.o(i.vQueueAddToRegistry)
    vQueueWaitForMessageRestricted           0x000015b5   Thumb Code    74  queue.o(i.vQueueWaitForMessageRestricted)
    vTaskDelete                              0x00001601   Thumb Code   168  tasks.o(i.vTaskDelete)
    vTaskMissedYield                         0x000016c9   Thumb Code     8  tasks.o(i.vTaskMissedYield)
    vTaskPlaceOnEventList                    0x000016d5   Thumb Code    52  tasks.o(i.vTaskPlaceOnEventList)
    vTaskPlaceOnEventListRestricted          0x0000170d   Thumb Code    60  tasks.o(i.vTaskPlaceOnEventListRestricted)
    vTaskSetTimeOutState                     0x0000174d   Thumb Code    38  tasks.o(i.vTaskSetTimeOutState)
    vTaskStartScheduler                      0x0000177d   Thumb Code   118  tasks.o(i.vTaskStartScheduler)
    vTaskSuspendAll                          0x00001811   Thumb Code    12  tasks.o(i.vTaskSuspendAll)
    vTaskSwitchContext                       0x00001821   Thumb Code   122  tasks.o(i.vTaskSwitchContext)
    xPortStartScheduler                      0x000018b1   Thumb Code   288  port.o(i.xPortStartScheduler)
    xQueueGenericCreate                      0x000019ed   Thumb Code    88  queue.o(i.xQueueGenericCreate)
    xQueueGenericReceive                     0x00001a45   Thumb Code   416  queue.o(i.xQueueGenericReceive)
    xQueueGenericReset                       0x00001be9   Thumb Code   146  queue.o(i.xQueueGenericReset)
    xQueueGenericSend                        0x00001c81   Thumb Code   452  queue.o(i.xQueueGenericSend)
    xQueueGenericSendFromISR                 0x00001e49   Thumb Code   264  queue.o(i.xQueueGenericSendFromISR)
    xTaskCheckForTimeOut                     0x00001f51   Thumb Code   132  tasks.o(i.xTaskCheckForTimeOut)
    xTaskCreate                              0x00001fdd   Thumb Code    96  tasks.o(i.xTaskCreate)
    xTaskGetSchedulerState                   0x0000203d   Thumb Code    24  tasks.o(i.xTaskGetSchedulerState)
    xTaskGetTickCount                        0x0000205d   Thumb Code     6  tasks.o(i.xTaskGetTickCount)
    xTaskIncrementTick                       0x00002069   Thumb Code   280  tasks.o(i.xTaskIncrementTick)
    xTaskRemoveFromEventList                 0x000021ad   Thumb Code   126  tasks.o(i.xTaskRemoveFromEventList)
    xTaskResumeAll                           0x00002245   Thumb Code   222  tasks.o(i.xTaskResumeAll)
    xTimerCreateTimerTask                    0x00002349   Thumb Code    66  timers.o(i.xTimerCreateTimerTask)
    xTimerGenericCommand                     0x000023a1   Thumb Code   126  timers.o(i.xTimerGenericCommand)
    Region$$Table$$Base                      0x00002678   Number         0  anon$$obj.o(Region$$Table)
    Region$$Table$$Limit                     0x00002698   Number         0  anon$$obj.o(Region$$Table)
    pxCurrentTCB                             0x20000004   Data           4  tasks.o(.data)
    xQueueRegistry                           0x20000078   Data          80  queue.o(.bss)
    __initial_sp                             0x20007cd8   Data           0  startup_rvmdk.o(STACK)



==============================================================================

Memory Map of the image

  Image Entry point : 0x00000289

  Load Region LR_IROM1 (Base: 0x00000000, Size: 0x00002710, Max: 0x00100000, ABSOLUTE)

    Execution Region ER_IROM1 (Exec base: 0x00000000, Load base: 0x00000000, Size: 0x00002698, Max: 0x00100000, ABSOLUTE)

    Exec Addr    Load Addr    Size         Type   Attr      Idx    E Section Name        Object

    0x00000000   0x00000000   0x00000288   Code   RO          325    RESET               startup_rvmdk.o
    0x00000288   0x00000288   0x00000000   Code   RO         7713  * .ARM.Collect$$$$00000000  mc_w.l(entry.o)
    0x00000288   0x00000288   0x00000004   Code   RO         7739    .ARM.Collect$$$$00000001  mc_w.l(entry2.o)
    0x0000028c   0x0000028c   0x00000004   Code   RO         7742    .ARM.Collect$$$$00000004  mc_w.l(entry5.o)
    0x00000290   0x00000290   0x00000000   Code   RO         7744    .ARM.Collect$$$$00000008  mc_w.l(entry7b.o)
    0x00000290   0x00000290   0x00000000   Code   RO         7746    .ARM.Collect$$$$0000000A  mc_w.l(entry8b.o)
    0x00000290   0x00000290   0x00000008   Code   RO         7747    .ARM.Collect$$$$0000000B  mc_w.l(entry9a.o)
    0x00000298   0x00000298   0x00000000   Code   RO         7749    .ARM.Collect$$$$0000000D  mc_w.l(entry10a.o)
    0x00000298   0x00000298   0x00000000   Code   RO         7751    .ARM.Collect$$$$0000000F  mc_w.l(entry11a.o)
    0x00000298   0x00000298   0x00000004   Code   RO         7740    .ARM.Collect$$$$00002712  mc_w.l(entry2.o)
    0x0000029c   0x0000029c   0x00000026   Code   RO          978    .emb_text           cpu.o
    0x000002c2   0x000002c2   0x00000002   PAD
    0x000002c4   0x000002c4   0x000000b6   Code   RO         7158    .emb_text           port.o
    0x0000037a   0x0000037a   0x00000024   Code   RO         7716    .text               mc_w.l(memcpya.o)
    0x0000039e   0x0000039e   0x00000002   PAD
    0x000003a0   0x000003a0   0x00000024   Code   RO         7761    .text               mc_w.l(init.o)
    0x000003c4   0x000003c4   0x0000001c   Code   RO           71    i.AppTaskCreate     freertos.o
    0x000003e0   0x000003e0   0x00000014   Code   RO            1    i.BSP_Init          main.o
    0x000003f4   0x000003f4   0x00000010   Code   RO         3211    i.IntMasterEnable   interrupt.o
    0x00000404   0x00000404   0x00000030   Code   RO           72    i.RTOS_Init         freertos.o
    0x00000434   0x00000434   0x000002c4   Code   RO         4385    i.SysCtlClockFreqSet  sysctl.o
    0x000006f8   0x000006f8   0x00000034   Code   RO         7159    i.SysTick_Handler   port.o
    0x0000072c   0x0000072c   0x00000064   Code   RO         4439    i._SysCtlFrequencyGet  sysctl.o
    0x00000790   0x00000790   0x00000028   Code   RO         4440    i._SysCtlMemTimingGet  sysctl.o
    0x000007b8   0x000007b8   0x0000000e   Code   RO         7765    i.__scatterload_copy  mc_w.l(handlers.o)
    0x000007c6   0x000007c6   0x00000002   Code   RO         7766    i.__scatterload_null  mc_w.l(handlers.o)
    0x000007c8   0x000007c8   0x0000000e   Code   RO         7767    i.__scatterload_zeroinit  mc_w.l(handlers.o)
    0x000007d6   0x000007d6   0x00000024   Code   RO            2    i.main              main.o
    0x000007fa   0x000007fa   0x00000002   PAD
    0x000007fc   0x000007fc   0x0000007c   Code   RO         6696    i.prvAddCurrentTaskToDelayedList  tasks.o
    0x00000878   0x00000878   0x000000b0   Code   RO         6697    i.prvAddNewTaskToReadyList  tasks.o
    0x00000928   0x00000928   0x00000064   Code   RO         6979    i.prvCheckForValidListAndQueue  timers.o
    0x0000098c   0x0000098c   0x00000064   Code   RO         6698    i.prvCheckTasksWaitingTermination  tasks.o
    0x000009f0   0x000009f0   0x0000002a   Code   RO         6504    i.prvCopyDataFromQueue  queue.o
    0x00000a1a   0x00000a1a   0x0000006a   Code   RO         6505    i.prvCopyDataToQueue  queue.o
    0x00000a84   0x00000a84   0x00000012   Code   RO         6699    i.prvDeleteTCB      tasks.o
    0x00000a96   0x00000a96   0x00000002   PAD
    0x00000a98   0x00000a98   0x00000028   Code   RO         6980    i.prvGetNextExpireTime  timers.o
    0x00000ac0   0x00000ac0   0x0000007c   Code   RO         7109    i.prvHeapInit       heap_4.o
    0x00000b3c   0x00000b3c   0x00000028   Code   RO         6700    i.prvIdleTask       tasks.o
    0x00000b64   0x00000b64   0x0000002a   Code   RO         6506    i.prvInitialiseNewQueue  queue.o
    0x00000b8e   0x00000b8e   0x000000a4   Code   RO         6701    i.prvInitialiseNewTask  tasks.o
    0x00000c32   0x00000c32   0x00000002   PAD
    0x00000c34   0x00000c34   0x00000068   Code   RO         6702    i.prvInitialiseTaskLists  tasks.o
    0x00000c9c   0x00000c9c   0x00000068   Code   RO         7110    i.prvInsertBlockIntoFreeList  heap_4.o
    0x00000d04   0x00000d04   0x00000058   Code   RO         6982    i.prvInsertTimerInActiveList  timers.o
    0x00000d5c   0x00000d5c   0x0000001a   Code   RO         6507    i.prvIsQueueEmpty   queue.o
    0x00000d76   0x00000d76   0x0000001e   Code   RO         6508    i.prvIsQueueFull    queue.o
    0x00000d94   0x00000d94   0x00000090   Code   RO         6509    i.prvNotifyQueueSetContainer  queue.o
    0x00000e24   0x00000e24   0x00000064   Code   RO         6983    i.prvProcessExpiredTimer  timers.o
    0x00000e88   0x00000e88   0x000000f8   Code   RO         6984    i.prvProcessReceivedCommands  timers.o
    0x00000f80   0x00000f80   0x00000074   Code   RO         6985    i.prvProcessTimerOrBlockTask  timers.o
    0x00000ff4   0x00000ff4   0x00000034   Code   RO         6703    i.prvResetNextTaskUnblockTime  tasks.o
    0x00001028   0x00001028   0x0000002c   Code   RO         6986    i.prvSampleTimeNow  timers.o
    0x00001054   0x00001054   0x000000a0   Code   RO         6987    i.prvSwitchTimerLists  timers.o
    0x000010f4   0x000010f4   0x00000040   Code   RO         7160    i.prvTaskExitError  port.o
    0x00001134   0x00001134   0x0000001a   Code   RO         6988    i.prvTimerTask      timers.o
    0x0000114e   0x0000114e   0x00000092   Code   RO         6510    i.prvUnlockQueue    queue.o
    0x000011e0   0x000011e0   0x0000013c   Code   RO         7111    i.pvPortMalloc      heap_4.o
    0x0000131c   0x0000131c   0x0000002c   Code   RO         7161    i.pxPortInitialiseStack  port.o
    0x00001348   0x00001348   0x00000028   Code   RO         6467    i.uxListRemove      list.o
    0x00001370   0x00001370   0x0000001a   Code   RO         6468    i.vListInitialise   list.o
    0x0000138a   0x0000138a   0x00000006   Code   RO         6469    i.vListInitialiseItem  list.o
    0x00001390   0x00001390   0x00000034   Code   RO         6470    i.vListInsert       list.o
    0x000013c4   0x000013c4   0x00000018   Code   RO         6471    i.vListInsertEnd    list.o
    0x000013dc   0x000013dc   0x00000054   Code   RO         7163    i.vPortEnterCritical  port.o
    0x00001430   0x00001430   0x0000003c   Code   RO         7164    i.vPortExitCritical  port.o
    0x0000146c   0x0000146c   0x00000094   Code   RO         7112    i.vPortFree         heap_4.o
    0x00001500   0x00001500   0x00000010   Code   RO         7165    i.vPortSetupTimerInterrupt  port.o
    0x00001510   0x00001510   0x00000078   Code   RO         7166    i.vPortValidateInterruptPriority  port.o
    0x00001588   0x00001588   0x0000002c   Code   RO         6514    i.vQueueAddToRegistry  queue.o
    0x000015b4   0x000015b4   0x0000004a   Code   RO         6517    i.vQueueWaitForMessageRestricted  queue.o
    0x000015fe   0x000015fe   0x00000002   PAD
    0x00001600   0x00001600   0x000000c8   Code   RO         6712    i.vTaskDelete       tasks.o
    0x000016c8   0x000016c8   0x0000000c   Code   RO         6714    i.vTaskMissedYield  tasks.o
    0x000016d4   0x000016d4   0x00000038   Code   RO         6716    i.vTaskPlaceOnEventList  tasks.o
    0x0000170c   0x0000170c   0x00000040   Code   RO         6717    i.vTaskPlaceOnEventListRestricted  tasks.o
    0x0000174c   0x0000174c   0x00000030   Code   RO         6721    i.vTaskSetTimeOutState  tasks.o
    0x0000177c   0x0000177c   0x00000094   Code   RO         6722    i.vTaskStartScheduler  tasks.o
    0x00001810   0x00001810   0x00000010   Code   RO         6724    i.vTaskSuspendAll   tasks.o
    0x00001820   0x00001820   0x00000090   Code   RO         6725    i.vTaskSwitchContext  tasks.o
    0x000018b0   0x000018b0   0x0000013c   Code   RO         7167    i.xPortStartScheduler  port.o
    0x000019ec   0x000019ec   0x00000058   Code   RO         6521    i.xQueueGenericCreate  queue.o
    0x00001a44   0x00001a44   0x000001a4   Code   RO         6522    i.xQueueGenericReceive  queue.o
    0x00001be8   0x00001be8   0x00000098   Code   RO         6523    i.xQueueGenericReset  queue.o
    0x00001c80   0x00001c80   0x000001c8   Code   RO         6524    i.xQueueGenericSend  queue.o
    0x00001e48   0x00001e48   0x00000108   Code   RO         6525    i.xQueueGenericSendFromISR  queue.o
    0x00001f50   0x00001f50   0x0000008c   Code   RO         6726    i.xTaskCheckForTimeOut  tasks.o
    0x00001fdc   0x00001fdc   0x00000060   Code   RO         6727    i.xTaskCreate       tasks.o
    0x0000203c   0x0000203c   0x00000020   Code   RO         6730    i.xTaskGetSchedulerState  tasks.o
    0x0000205c   0x0000205c   0x0000000c   Code   RO         6731    i.xTaskGetTickCount  tasks.o
    0x00002068   0x00002068   0x00000144   Code   RO         6733    i.xTaskIncrementTick  tasks.o
    0x000021ac   0x000021ac   0x00000098   Code   RO         6736    i.xTaskRemoveFromEventList  tasks.o
    0x00002244   0x00002244   0x00000104   Code   RO         6738    i.xTaskResumeAll    tasks.o
    0x00002348   0x00002348   0x00000058   Code   RO         6992    i.xTimerCreateTimerTask  timers.o
    0x000023a0   0x000023a0   0x00000084   Code   RO         6993    i.xTimerGenericCommand  timers.o
    0x00002424   0x00002424   0x00000254   Data   RO         4441    .constdata          sysctl.o
    0x00002678   0x00002678   0x00000020   Data   RO         7763    Region$$Table       anon$$obj.o


    Execution Region RW_IRAM1 (Exec base: 0x20000000, Load base: 0x00002698, Size: 0x00007cd8, Max: 0x00040000, ABSOLUTE)

    Exec Addr    Load Addr    Size         Type   Attr      Idx    E Section Name        Object

    0x20000000   0x00002698   0x00000004   Data   RW           73    .data               freertos.o
    0x20000004   0x0000269c   0x0000003c   Data   RW         6741    .data               tasks.o
    0x20000040   0x000026d8   0x00000014   Data   RW         6999    .data               timers.o
    0x20000054   0x000026ec   0x00000018   Data   RW         7117    .data               heap_4.o
    0x2000006c   0x00002704   0x0000000c   Data   RW         7168    .data               port.o
    0x20000078        -       0x00000050   Zero   RW         6534    .bss                queue.o
    0x200000c8        -       0x000002e4   Zero   RW         6740    .bss                tasks.o
    0x200003ac        -       0x00000028   Zero   RW         6998    .bss                timers.o
    0x200003d4        -       0x00007800   Zero   RW         7116    .bss                heap_4.o
    0x20007bd4   0x00002710   0x00000004   PAD
    0x20007bd8        -       0x00000100   Zero   RW          323    STACK               startup_rvmdk.o


==============================================================================

Image component sizes


      Code (inc. data)   RO Data    RW Data    ZI Data      Debug   Object Name

        38          0          0          0          0        604   cpu.o
         0          0          0          0          0      11420   event_groups.o
        76         30          0          4          0       8808   freertos.o
       692         62          0         24      30720       4503   heap_4.o
        16          0          0          0          0        570   interrupt.o
       148          0          0          0          0       3394   list.o
        56          8          0          0          0       9879   main.o
       938         86          0         12          0      11309   port.o
      2034         20          0          0         80      14649   queue.o
       648        622          0          0        256        316   startup_rvmdk.o
       848         52        596          0          0       4605   sysctl.o
      2482        358          0         60        740      20365   tasks.o
      1142        118          0         20         40      17083   timers.o
         0          0          0          0          0       2456   tm4c_it.o

    ----------------------------------------------------------------------
      9128       1356        628        120      31840     109961   Object Totals
         0          0         32          0          0          0   (incl. Generated)
        10          0          0          0          4          0   (incl. Padding)

    ----------------------------------------------------------------------

      Code (inc. data)   RO Data    RW Data    ZI Data      Debug   Library Member Name

         0          0          0          0          0          0   entry.o
         0          0          0          0          0          0   entry10a.o
         0          0          0          0          0          0   entry11a.o
         8          4          0          0          0          0   entry2.o
         4          0          0          0          0          0   entry5.o
         0          0          0          0          0          0   entry7b.o
         0          0          0          0          0          0   entry8b.o
         8          4          0          0          0          0   entry9a.o
        30          0          0          0          0          0   handlers.o
        36          8          0          0          0         68   init.o
        36          0          0          0          0         68   memcpya.o

    ----------------------------------------------------------------------
       124         16          0          0          0        136   Library Totals
         2          0          0          0          0          0   (incl. Padding)

    ----------------------------------------------------------------------

      Code (inc. data)   RO Data    RW Data    ZI Data      Debug   Library Name

       122         16          0          0          0        136   mc_w.l

    ----------------------------------------------------------------------
       124         16          0          0          0        136   Library Totals

    ----------------------------------------------------------------------

==============================================================================


      Code (inc. data)   RO Data    RW Data    ZI Data      Debug   

      9252       1372        628        120      31840     103301   Grand Totals
      9252       1372        628        120      31840     103301   ELF Image Totals
      9252       1372        628        120          0          0   ROM Totals

==============================================================================

    Total RO  Size (Code + RO Data)                 9880 (   9.65kB)
    Total RW  Size (RW Data + ZI Data)             31960 (  31.21kB)
    Total ROM Size (Code + RO Data + RW Data)      10000 (   9.77kB)

==============================================================================

